Archive member included to satisfy reference by file (symbol)

C:/Program Files (x86)/Arm GNU Toolchain arm-none-eabi/13.2 Rel1/bin/../lib/gcc/arm-none-eabi/13.2.1/thumb/v8-m.base/nofp\libgcc.a(_muldi3.o)
                              ./ra/fsp/src/bsp/mcu/all/bsp_delay.o (__aeabi_lmul)
C:/Program Files (x86)/Arm GNU Toolchain arm-none-eabi/13.2 Rel1/bin/../lib/gcc/arm-none-eabi/13.2.1/thumb/v8-m.base/nofp\libg_nano.a(libc_a-atoi.o)
                              ./src/hal_entry.o (atoi)
C:/Program Files (x86)/Arm GNU Toolchain arm-none-eabi/13.2 Rel1/bin/../lib/gcc/arm-none-eabi/13.2.1/thumb/v8-m.base/nofp\libg_nano.a(libc_a-exit.o)
                              C:/Program Files (x86)/Arm GNU Toolchain arm-none-eabi/13.2 Rel1/bin/../lib/gcc/arm-none-eabi/13.2.1/thumb/v8-m.base/nofp/crt0.o (exit)
C:/Program Files (x86)/Arm GNU Toolchain arm-none-eabi/13.2 Rel1/bin/../lib/gcc/arm-none-eabi/13.2.1/thumb/v8-m.base/nofp\libg_nano.a(libc_a-itoa.o)
                              ./src/hal_entry.o (__itoa)
C:/Program Files (x86)/Arm GNU Toolchain arm-none-eabi/13.2 Rel1/bin/../lib/gcc/arm-none-eabi/13.2.1/thumb/v8-m.base/nofp\libg_nano.a(libc_a-strtol.o)
                              C:/Program Files (x86)/Arm GNU Toolchain arm-none-eabi/13.2 Rel1/bin/../lib/gcc/arm-none-eabi/13.2.1/thumb/v8-m.base/nofp\libg_nano.a(libc_a-atoi.o) (_strtol_r)
C:/Program Files (x86)/Arm GNU Toolchain arm-none-eabi/13.2 Rel1/bin/../lib/gcc/arm-none-eabi/13.2.1/thumb/v8-m.base/nofp\libg_nano.a(libc_a-utoa.o)
                              C:/Program Files (x86)/Arm GNU Toolchain arm-none-eabi/13.2 Rel1/bin/../lib/gcc/arm-none-eabi/13.2.1/thumb/v8-m.base/nofp\libg_nano.a(libc_a-itoa.o) (__utoa)
C:/Program Files (x86)/Arm GNU Toolchain arm-none-eabi/13.2 Rel1/bin/../lib/gcc/arm-none-eabi/13.2.1/thumb/v8-m.base/nofp\libg_nano.a(libc_a-ctype_.o)
                              C:/Program Files (x86)/Arm GNU Toolchain arm-none-eabi/13.2 Rel1/bin/../lib/gcc/arm-none-eabi/13.2.1/thumb/v8-m.base/nofp\libg_nano.a(libc_a-strtol.o) (_ctype_)
C:/Program Files (x86)/Arm GNU Toolchain arm-none-eabi/13.2 Rel1/bin/../lib/gcc/arm-none-eabi/13.2.1/thumb/v8-m.base/nofp\libg_nano.a(libc_a-findfp.o)
                              C:/Program Files (x86)/Arm GNU Toolchain arm-none-eabi/13.2 Rel1/bin/../lib/gcc/arm-none-eabi/13.2.1/thumb/v8-m.base/nofp\libg_nano.a(libc_a-exit.o) (__stdio_exit_handler)
C:/Program Files (x86)/Arm GNU Toolchain arm-none-eabi/13.2 Rel1/bin/../lib/gcc/arm-none-eabi/13.2.1/thumb/v8-m.base/nofp\libg_nano.a(libc_a-fwalk.o)
                              C:/Program Files (x86)/Arm GNU Toolchain arm-none-eabi/13.2 Rel1/bin/../lib/gcc/arm-none-eabi/13.2.1/thumb/v8-m.base/nofp\libg_nano.a(libc_a-findfp.o) (_fwalk_sglue)
C:/Program Files (x86)/Arm GNU Toolchain arm-none-eabi/13.2 Rel1/bin/../lib/gcc/arm-none-eabi/13.2.1/thumb/v8-m.base/nofp\libg_nano.a(libc_a-sprintf.o)
                              ./src/hal_entry.o (sprintf)
C:/Program Files (x86)/Arm GNU Toolchain arm-none-eabi/13.2 Rel1/bin/../lib/gcc/arm-none-eabi/13.2.1/thumb/v8-m.base/nofp\libg_nano.a(libc_a-stdio.o)
                              C:/Program Files (x86)/Arm GNU Toolchain arm-none-eabi/13.2 Rel1/bin/../lib/gcc/arm-none-eabi/13.2.1/thumb/v8-m.base/nofp\libg_nano.a(libc_a-findfp.o) (__sread)
C:/Program Files (x86)/Arm GNU Toolchain arm-none-eabi/13.2 Rel1/bin/../lib/gcc/arm-none-eabi/13.2.1/thumb/v8-m.base/nofp\libg_nano.a(libc_a-memset.o)
                              C:/Program Files (x86)/Arm GNU Toolchain arm-none-eabi/13.2 Rel1/bin/../lib/gcc/arm-none-eabi/13.2.1/thumb/v8-m.base/nofp/crt0.o (memset)
C:/Program Files (x86)/Arm GNU Toolchain arm-none-eabi/13.2 Rel1/bin/../lib/gcc/arm-none-eabi/13.2.1/thumb/v8-m.base/nofp\libg_nano.a(libc_a-closer.o)
                              C:/Program Files (x86)/Arm GNU Toolchain arm-none-eabi/13.2 Rel1/bin/../lib/gcc/arm-none-eabi/13.2.1/thumb/v8-m.base/nofp\libg_nano.a(libc_a-stdio.o) (_close_r)
C:/Program Files (x86)/Arm GNU Toolchain arm-none-eabi/13.2 Rel1/bin/../lib/gcc/arm-none-eabi/13.2.1/thumb/v8-m.base/nofp\libg_nano.a(libc_a-reent.o)
                              C:/Program Files (x86)/Arm GNU Toolchain arm-none-eabi/13.2 Rel1/bin/../lib/gcc/arm-none-eabi/13.2.1/thumb/v8-m.base/nofp\libg_nano.a(libc_a-closer.o) (errno)
C:/Program Files (x86)/Arm GNU Toolchain arm-none-eabi/13.2 Rel1/bin/../lib/gcc/arm-none-eabi/13.2.1/thumb/v8-m.base/nofp\libg_nano.a(libc_a-impure.o)
                              C:/Program Files (x86)/Arm GNU Toolchain arm-none-eabi/13.2 Rel1/bin/../lib/gcc/arm-none-eabi/13.2.1/thumb/v8-m.base/nofp\libg_nano.a(libc_a-strtol.o) (_impure_ptr)
C:/Program Files (x86)/Arm GNU Toolchain arm-none-eabi/13.2 Rel1/bin/../lib/gcc/arm-none-eabi/13.2.1/thumb/v8-m.base/nofp\libg_nano.a(libc_a-lseekr.o)
                              C:/Program Files (x86)/Arm GNU Toolchain arm-none-eabi/13.2 Rel1/bin/../lib/gcc/arm-none-eabi/13.2.1/thumb/v8-m.base/nofp\libg_nano.a(libc_a-stdio.o) (_lseek_r)
[...]
Memory Configuration

Name             Origin             Length             Attributes
ITCM             0x00000000         0x00000000         xr
DTCM             0x00000000         0x00000000         xrw
FLASH            0x00000000         0x00010000         xr
RAM              0x20004000         0x00003000         xrw
DATA_FLASH       0x40100000         0x00000400         xr
QSPI_FLASH       0x60000000         0x00000000         xr
OSPI_DEVICE_0    0x80020000         0x00000000         xr
OSPI_DEVICE_1    0x80030000         0x00000000         xr
OSPI_DEVICE_0_RAM 0x80020000         0x00000000         xrw
OSPI_DEVICE_1_RAM 0x80030000         0x00000000         xrw
SDRAM            0x80010000         0x00000000         xrw
OPTION_SETTING   0x00000000         0x00000000         r
OPTION_SETTING_OFS 0x00000000         0x00000018         r
OPTION_SETTING_SAS 0x00000034         0x00000000         r
OPTION_SETTING_S 0x80000000         0x00000000         r
ID_CODE          0x01010018         0x00000020         xr
*default*        0x00000000         0xffffffff

Linker script and memory map

LOAD C:/Program Files (x86)/Arm GNU Toolchain arm-none-eabi/13.2 Rel1/bin/../lib/gcc/arm-none-eabi/13.2.1/thumb/v8-m.base/nofp/crti.o
LOAD C:/Program Files (x86)/Arm GNU Toolchain arm-none-eabi/13.2 Rel1/bin/../lib/gcc/arm-none-eabi/13.2.1/thumb/v8-m.base/nofp/crtbegin.o
LOAD C:/Program Files (x86)/Arm GNU Toolchain arm-none-eabi/13.2 Rel1/bin/../lib/gcc/arm-none-eabi/13.2.1/thumb/v8-m.base/nofp/crt0.o
START GROUP
LOAD ./src/hal_entry.o
LOAD ./ra_gen/common_data.o
LOAD ./ra_gen/hal_data.o
LOAD ./ra_gen/main.o
LOAD ./ra_gen/pin_data.o
LOAD ./ra_gen/vector_data.o
LOAD ./ra/fsp/src/r_uarta/r_uarta.o
LOAD ./ra/fsp/src/r_tau/r_tau.o
LOAD ./ra/fsp/src/r_rtc_c/r_rtc_c.o
LOAD ./ra/fsp/src/r_ioport/r_ioport.o
LOAD ./ra/fsp/src/r_iica_master/r_iica_master.o
LOAD ./ra/fsp/src/bsp/mcu/all/bsp_clocks.o
LOAD ./ra/fsp/src/bsp/mcu/all/bsp_common.o
LOAD ./ra/fsp/src/bsp/mcu/all/bsp_delay.o
LOAD ./ra/fsp/src/bsp/mcu/all/bsp_group_irq.o
LOAD ./ra/fsp/src/bsp/mcu/all/bsp_guard.o
LOAD ./ra/fsp/src/bsp/mcu/all/bsp_io.o
LOAD ./ra/fsp/src/bsp/mcu/all/bsp_irq.o
LOAD ./ra/fsp/src/bsp/mcu/all/bsp_macl.o
LOAD ./ra/fsp/src/bsp/mcu/all/bsp_register_protection.o
LOAD ./ra/fsp/src/bsp/mcu/all/bsp_rom_registers.o
LOAD ./ra/fsp/src/bsp/mcu/all/bsp_sbrk.o
LOAD ./ra/fsp/src/bsp/mcu/all/bsp_security.o
LOAD ./ra/fsp/src/bsp/cmsis/Device/RENESAS/Source/startup.o
LOAD ./ra/fsp/src/bsp/cmsis/Device/RENESAS/Source/system.o
LOAD ./ra/board/ra0e1_fpb/board_init.o
LOAD ./ra/board/ra0e1_fpb/board_leds.o
END GROUP
START GROUP
LOAD C:/Program Files (x86)/Arm GNU Toolchain arm-none-eabi/13.2 Rel1/bin/../lib/gcc/arm-none-eabi/13.2.1/thumb/v8-m.base/nofp\libgcc.a
LOAD C:/Program Files (x86)/Arm GNU Toolchain arm-none-eabi/13.2 Rel1/bin/../lib/gcc/arm-none-eabi/13.2.1/thumb/v8-m.base/nofp\libg_nano.a
LOAD C:/Program Files (x86)/Arm GNU Toolchain arm-none-eabi/13.2 Rel1/bin/../lib/gcc/arm-none-eabi/13.2.1/thumb/v8-m.base/nofp\libc_nano.a
END GROUP
START GROUP
LOAD C:/Program Files (x86)/Arm GNU Toolchain arm-none-eabi/13.2 Rel1/bin/../lib/gcc/arm-none-eabi/13.2.1/thumb/v8-m.base/nofp\libgcc.a
LOAD C:/Program Files (x86)/Arm GNU Toolchain arm-none-eabi/13.2 Rel1/bin/../lib/gcc/arm-none-eabi/13.2.1/thumb/v8-m.base/nofp\libc_nano.a
END GROUP
LOAD C:/Program Files (x86)/Arm GNU Toolchain arm-none-eabi/13.2 Rel1/bin/../lib/gcc/arm-none-eabi/13.2.1/thumb/v8-m.base/nofp/crtend.o
LOAD C:/Program Files (x86)/Arm GNU Toolchain arm-none-eabi/13.2 Rel1/bin/../lib/gcc/arm-none-eabi/13.2.1/thumb/v8-m.base/nofp/crtn.o
                0x20004000                        RAM_START = 0x20004000
                0x00003000                        RAM_LENGTH = 0x3000
                0x00000000                        FLASH_START = 0x0
                0x00010000                        FLASH_LENGTH = 0x10000
                0x40100000                        DATA_FLASH_START = 0x40100000
                0x00000400                        DATA_FLASH_LENGTH = 0x400
                0x00000000                        OPTION_SETTING_START = 0x0
                0x00000000                        OPTION_SETTING_LENGTH = 0x0
                0x80000000                        OPTION_SETTING_S_START = 0x80000000
                0x00000000                        OPTION_SETTING_S_LENGTH = 0x0
                0x01010018                        ID_CODE_START = 0x1010018
                0x00000020                        ID_CODE_LENGTH = 0x20
                0x80010000                        SDRAM_START = 0x80010000
                0x00000000                        SDRAM_LENGTH = 0x0
                0x60000000                        QSPI_FLASH_START = 0x60000000
                0x00000000                        QSPI_FLASH_LENGTH = 0x0
                0x80020000                        OSPI_DEVICE_0_START = 0x80020000
                0x00000000                        OSPI_DEVICE_0_LENGTH = 0x0
                0x80030000                        OSPI_DEVICE_1_START = 0x80030000
                0x00000000                        OSPI_DEVICE_1_LENGTH = 0x0
                0x00000000                        QSPI_FLASH_PRV_LENGTH = DEFINED (QSPI_FLASH_SIZE)?ABSOLUTE (QSPI_FLASH_SIZE):ABSOLUTE (QSPI_FLASH_LENGTH)
                0x00000000                        OSPI_DEVICE_0_PRV_LENGTH = DEFINED (OSPI_DEVICE_0_SIZE)?ABSOLUTE (OSPI_DEVICE_0_SIZE):ABSOLUTE (OSPI_DEVICE_0_LENGTH)
                0x00000000                        OSPI_DEVICE_1_PRV_LENGTH = DEFINED (OSPI_DEVICE_1_SIZE)?ABSOLUTE (OSPI_DEVICE_1_SIZE):ABSOLUTE (OSPI_DEVICE_1_LENGTH)
                0x00000000                        __RESERVE_NS_RAM = ((! (DEFINED (PROJECT_NONSECURE)) && DEFINED (RAM_NS_BUFFER_LENGTH)) && (OPTION_SETTING_S_LENGTH != 0x0))
                0x00000000                        ITCM_START = DEFINED (ITCM_START)?ITCM_START:0x0
                0x00000000                        ITCM_LENGTH = DEFINED (ITCM_LENGTH)?ITCM_LENGTH:0x0
                0x00000000                        DTCM_START = DEFINED (DTCM_START)?DTCM_START:0x0
                0x00000000                        DTCM_LENGTH = DEFINED (DTCM_LENGTH)?DTCM_LENGTH:0x0
                0x00000000                        RAM_NS_BUFFER_BLOCK_LENGTH = DEFINED (RAM_NS_BUFFER_LENGTH)?ALIGN (RAM_NS_BUFFER_LENGTH, 0x2000):0x0
                0x00000000                        RAM_NS_BUFFER_LENGTH = DEFINED (RAM_NS_BUFFER_LENGTH)?RAM_NS_BUFFER_LENGTH:0x0
                0x20007000                        RAM_NS_BUFFER_START = ((RAM_START + RAM_LENGTH) - RAM_NS_BUFFER_LENGTH)
                0x20007000                        RAM_NS_BUFFER_BLOCK_START = ((RAM_START + RAM_LENGTH) - RAM_NS_BUFFER_BLOCK_LENGTH)
                0x00000080                        OPTION_SETTING_START_NS = DEFINED (PROJECT_NONSECURE)?OPTION_SETTING_START:(OPTION_SETTING_START + 0x80)
                0x00000001                        __bl_FSP_BOOTABLE_IMAGE = 0x1
                0x00000001                        __bln_FSP_BOOTABLE_IMAGE = 0x1
                0x00000000                        PROJECT_SECURE_OR_FLAT = (((! (DEFINED (PROJECT_NONSECURE)) || DEFINED (PROJECT_SECURE)) && OPTION_SETTING_LENGTH) && ! (DEFINED (FSP_BOOTABLE_IMAGE)))
                0x00000000                        USE_OPTION_SETTING_NS = (DEFINED (PROJECT_NONSECURE) && ! (DEFINED (FSP_BOOTABLE_IMAGE)))
                0x00000000                        __bl_FLASH_IMAGE_START = ! (DEFINED (FLASH_BOOTLOADER_LENGTH))?0x0:(FLASH_APPLICATION_IMAGE_NUMBER == 0x1)?((FLASH_START + FLASH_BOOTLOADER_LENGTH) + FLASH_BOOTLOADER_HEADER_LENGTH):DEFINED (BOOTLOADER_SECONDARY_USE_QSPI)?(((FLASH_START + FLASH_BOOTLOADER_LENGTH) + FLASH_BOOTLOADER_SCRATCH_LENGTH) + FLASH_BOOTLOADER_HEADER_LENGTH):((((FLASH_START + FLASH_BOOTLOADER_LENGTH) + FLASH_BOOTLOADER_SCRATCH_LENGTH) + FLASH_APPLICATION_S_LENGTH) + FLASH_BOOTLOADER_HEADER_LENGTH)
                0x00000000                        __bl_FLASH_IMAGE_LENGTH = ! (DEFINED (FLASH_BOOTLOADER_LENGTH))?0x0:(FLASH_APPLICATION_S_LENGTH - FLASH_BOOTLOADER_HEADER_LENGTH)
                0x00000000                        __bl_FLASH_IMAGE_END = (__bl_FLASH_IMAGE_START + __bl_FLASH_IMAGE_LENGTH)
                0x00000000                        __bl_XIP_SECONDARY_FLASH_IMAGE_START = ! (DEFINED (FLASH_BOOTLOADER_LENGTH))?0x0:((FLASH_BOOTLOADER_LENGTH + FLASH_APPLICATION_S_LENGTH) + FLASH_BOOTLOADER_HEADER_LENGTH)
                0x00000000                        __bl_XIP_SECONDARY_FLASH_IMAGE_END = (__bl_XIP_SECONDARY_FLASH_IMAGE_START + __bl_FLASH_IMAGE_LENGTH)
                0x00000000                        __bl_FLASH_NS_START = ! (DEFINED (FLASH_BOOTLOADER_LENGTH))?0x0:(FLASH_APPLICATION_NS_LENGTH == 0x0)?__bl_FLASH_IMAGE_END:((__bl_FLASH_IMAGE_START - FLASH_BOOTLOADER_HEADER_LENGTH) + FLASH_APPLICATION_S_LENGTH)
                0x00000000                        __bl_FLASH_NSC_START = ! (DEFINED (FLASH_BOOTLOADER_LENGTH))?0x0:(FLASH_APPLICATION_NS_LENGTH == 0x0)?__bl_FLASH_IMAGE_END:(__bl_FLASH_IMAGE_END - FLASH_APPLICATION_NSC_LENGTH)
                0x00000000                        __bl_RAM_NS_START = ! (DEFINED (FLASH_BOOTLOADER_LENGTH))?0x0:(FLASH_APPLICATION_NS_LENGTH == 0x0)?(RAM_START + RAM_LENGTH):((RAM_START + RAM_LENGTH) - RAM_APPLICATION_NS_LENGTH)
                0x00000000                        __bl_RAM_NSC_START = ! (DEFINED (FLASH_BOOTLOADER_LENGTH))?0x0:(FLASH_APPLICATION_NS_LENGTH == 0x0)?(RAM_START + RAM_LENGTH):(__bl_RAM_NS_START - RAM_APPLICATION_NSC_LENGTH)
                0x00000000                        __bl_FLASH_NS_IMAGE_START = ! (DEFINED (FLASH_BOOTLOADER_LENGTH))?0x0:(FLASH_APPLICATION_NS_LENGTH == 0x0)?__bl_FLASH_IMAGE_END:(__bl_FLASH_NS_START + FLASH_BOOTLOADER_HEADER_LENGTH_2)
                0x00000000                        __bln_FLASH_IMAGE_START = (__bl_FLASH_NS_IMAGE_START | ! (DEFINED (NS_OFFSET_START))?0x0:NS_OFFSET_START)
                0x00000000                        __bln_FLASH_IMAGE_LENGTH = ! (DEFINED (FLASH_BOOTLOADER_LENGTH))?0x0:(FLASH_APPLICATION_NS_LENGTH == 0x0)?__bl_FLASH_IMAGE_END:(FLASH_APPLICATION_NS_LENGTH - FLASH_BOOTLOADER_HEADER_LENGTH_2)
                0x00000000                        XIP_SECONDARY_SLOT_IMAGE = DEFINED (XIP_SECONDARY_SLOT_IMAGE)?XIP_SECONDARY_SLOT_IMAGE:0x0
                0x00000000                        FLASH_ORIGIN = ! (DEFINED (FLASH_IMAGE_START))?FLASH_START:(XIP_SECONDARY_SLOT_IMAGE == 0x1)?XIP_SECONDARY_FLASH_IMAGE_START:FLASH_IMAGE_START
                0x00010000                        LIMITED_FLASH_LENGTH = DEFINED (FLASH_IMAGE_LENGTH)?FLASH_IMAGE_LENGTH:DEFINED (FLASH_BOOTLOADER_LENGTH)?FLASH_BOOTLOADER_LENGTH:FLASH_LENGTH
                0x00000034                        OPTION_SETTING_SAS_SIZE = 0x34
                0x00000000                        OPTION_SETTING_SAS_LENGTH = ! (DEFINED (OPTION_SETTING_LENGTH))?0x0:(OPTION_SETTING_LENGTH == 0x0)?0x0:(OPTION_SETTING_LENGTH - OPTION_SETTING_SAS_SIZE)
START GROUP
LOAD C:/Program Files (x86)/Arm GNU Toolchain arm-none-eabi/13.2 Rel1/bin/../lib/gcc/arm-none-eabi/13.2.1/thumb/v8-m.base/nofp\libgcc.a
LOAD C:/Program Files (x86)/Arm GNU Toolchain arm-none-eabi/13.2 Rel1/bin/../lib/gcc/arm-none-eabi/13.2.1/thumb/v8-m.base/nofp\libc.a
LOAD C:/Program Files (x86)/Arm GNU Toolchain arm-none-eabi/13.2 Rel1/bin/../lib/gcc/arm-none-eabi/13.2.1/thumb/v8-m.base/nofp\libm.a
END GROUP

.text           0x00000000     0x2670
                0x00000000                        __tz_FLASH_S = ABSOLUTE (FLASH_START)
                0x00000000                        __ROM_Start = .
 *(.fixed_vectors*)
 .fixed_vectors
                0x00000000       0x40 ./ra/fsp/src/bsp/cmsis/Device/RENESAS/Source/startup.o
                0x00000000                __Vectors
 *(.application_vectors*)
 .application_vectors
                0x00000040       0xa8 ./ra_gen/vector_data.o
                0x00000040                g_vector_table
                0x000000e8                        __Vectors_End = .
 *(.flash_gap*)
 .flash_gap     0x000000e8       0x5c ./ra/fsp/src/bsp/mcu/all/bsp_delay.o
                0x000000e8                bsp_prv_software_delay_loop
                0x000000f0                R_BSP_SoftwareDelay
 .flash_gap     0x00000144       0x58 ./ra/fsp/src/bsp/mcu/all/bsp_group_irq.o
                0x00000158                R_BSP_GroupIrqWrite
                0x00000168                NMI_Handler
 .flash_gap     0x0000019c       0xb0 ./ra/fsp/src/bsp/mcu/all/bsp_irq.o
                0x0000019c                R_BSP_IrqClearPending
                0x000001b4                R_BSP_IrqCfg
                0x000001f0                R_BSP_IrqEnableNoClear
                0x00000208                R_BSP_IrqEnable
                0x00000218                R_BSP_IrqDisable
                0x00000238                R_BSP_IrqCfgEnable
                0x00000248                bsp_irq_cfg
 .flash_gap     0x0000024c       0x10 ./ra/fsp/src/bsp/cmsis/Device/RENESAS/Source/startup.o
                0x0000024c                DebugMon_Handler
                0x0000024c                HardFault_Handler
                0x0000024c                SysTick_Handler
                0x0000024c                PendSV_Handler
                0x0000024c                UsageFault_Handler
                0x0000024c                BusFault_Handler
                0x0000024c                SecureFault_Handler
                0x0000024c                Default_Handler
                0x0000024c                MemManage_Handler
                0x0000024c                SVC_Handler
                0x00000250                Reset_Handler
 .flash_gap     0x0000025c       0x8c ./ra/fsp/src/bsp/cmsis/Device/RENESAS/Source/system.o
                0x0000025c                SystemInit
                0x00000400                        . = (OPTION_SETTING_LENGTH > 0x0)?.:(__ROM_Start + 0x400)
 *fill*         0x000002e8      0x118 ff
 *(.rom_registers*)
 .rom_registers
                0x00000400        0x8 ./ra/fsp/src/bsp/mcu/all/bsp_rom_registers.o
 *(.mcuboot_sce9_key*)
 *(.text*)
 .text.deregister_tm_clones
                0x00000408       0x24 C:/Program Files (x86)/Arm GNU Toolchain arm-none-eabi/13.2 Rel1/bin/../lib/gcc/arm-none-eabi/13.2.1/thumb/v8-m.base/nofp/crtbegin.o
 .text.register_tm_clones
                0x0000042c       0x2c C:/Program Files (x86)/Arm GNU Toolchain arm-none-eabi/13.2 Rel1/bin/../lib/gcc/arm-none-eabi/13.2.1/thumb/v8-m.base/nofp/crtbegin.o
 .text.__do_global_dtors_aux
                0x00000458       0x30 C:/Program Files (x86)/Arm GNU Toolchain arm-none-eabi/13.2 Rel1/bin/../lib/gcc/arm-none-eabi/13.2.1/thumb/v8-m.base/nofp/crtbegin.o
 .text.frame_dummy
                0x00000488       0x28 C:/Program Files (x86)/Arm GNU Toolchain arm-none-eabi/13.2 Rel1/bin/../lib/gcc/arm-none-eabi/13.2.1/thumb/v8-m.base/nofp/crtbegin.o
 .text.R_BSP_WarmStart
                0x000004b0       0x28 ./src/hal_entry.o
                0x000004b0                R_BSP_WarmStart
 .text.ToggleLED1
                0x000004d8       0x28 ./src/hal_entry.o
                0x000004d8                ToggleLED1
 .text.ToggleLED2
                0x00000500       0x28 ./src/hal_entry.o
                0x00000500                ToggleLED2
 .text.SendUart
                0x00000528       0x28 ./src/hal_entry.o
                0x00000528                SendUart
 .text.RecvUart
                0x00000550       0x28 ./src/hal_entry.o
                0x00000550                RecvUart
 .text.UartaCallback
                0x00000578       0x20 ./src/hal_entry.o
                0x00000578                UartaCallback
 .text.TimerCallback
                0x00000598       0x10 ./src/hal_entry.o
                0x00000598                TimerCallback
 .text.delay    0x000005a8       0x30 ./src/hal_entry.o
                0x000005a8                delay
 .text.IicaCallback
                0x000005d8       0x14 ./src/hal_entry.o
                0x000005d8                IicaCallback
 .text.WriteIIC
                0x000005ec       0x24 ./src/hal_entry.o
                0x000005ec                WriteIIC
 .text.SendIIC  0x00000610       0x46 ./src/hal_entry.o
                0x00000610                SendIIC
 .text.InitLCD  0x00000656       0x4a ./src/hal_entry.o
                0x00000656                InitLCD
 .text.WriteLCD
                0x000006a0       0x56 ./src/hal_entry.o
                0x000006a0                WriteLCD
 *fill*         0x000006f6        0x2 ff
 .text.RtcCallback
                0x000006f8       0x14 ./src/hal_entry.o
                0x000006f8                RtcCallback
 .text.SetTime  0x0000070c      0x118 ./src/hal_entry.o
                0x0000070c                SetTime
 .text.DispTime
                0x00000824      0x1d4 ./src/hal_entry.o
                0x00000824                DispTime
 .text.hal_entry
                0x000009f8       0xf0 ./src/hal_entry.o
                0x000009f8                hal_entry
 .text.startup.main
                0x00000ae8        0xa ./ra_gen/main.o
                0x00000ae8                main
 .text.R_UARTA_Read
                0x00000af2        0x8 ./ra/fsp/src/r_uarta/r_uarta.o
                0x00000af2                R_UARTA_Read
 .text.r_uarta_call_callback
                0x00000afa       0x1c ./ra/fsp/src/r_uarta/r_uarta.o
 *fill*         0x00000b16        0x2 ff
 .text.R_UARTA_Write
                0x00000b18       0x3c ./ra/fsp/src/r_uarta/r_uarta.o
                0x00000b18                R_UARTA_Write
 .text.r_uarta_wait_time.isra.0
                0x00000b54       0x34 ./ra/fsp/src/r_uarta/r_uarta.o
 .text.R_UARTA_Open
                0x00000b88       0xd4 ./ra/fsp/src/r_uarta/r_uarta.o
                0x00000b88                R_UARTA_Open
 .text.uarta_txi_isr
                0x00000c5c       0x64 ./ra/fsp/src/r_uarta/r_uarta.o
                0x00000c5c                uarta_txi_isr
 .text.uarta_rxi_isr
                0x00000cc0       0x80 ./ra/fsp/src/r_uarta/r_uarta.o
                0x00000cc0                uarta_rxi_isr
 .text.uarta_eri_isr
                0x00000d40       0x4c ./ra/fsp/src/r_uarta/r_uarta.o
                0x00000d40                uarta_eri_isr
 .text.R_TAU_Stop
                0x00000d8c       0x10 ./ra/fsp/src/r_tau/r_tau.o
                0x00000d8c                R_TAU_Stop
 .text.R_TAU_Start
                0x00000d9c       0x10 ./ra/fsp/src/r_tau/r_tau.o
                0x00000d9c                R_TAU_Start
 .text.r_tau_cnt_set.isra.0
                0x00000dac       0x28 ./ra/fsp/src/r_tau/r_tau.o
 .text.R_TAU_Open
                0x00000dd4       0x94 ./ra/fsp/src/r_tau/r_tau.o
                0x00000dd4                R_TAU_Open
 .text.tau_tmi_isr
                0x00000e68       0x60 ./ra/fsp/src/r_tau/r_tau.o
                0x00000e68                tau_tmi_isr
 .text.r_rtc_c_dec_to_bcd
                0x00000ec8       0x12 ./ra/fsp/src/r_rtc_c/r_rtc_c.o
 *fill*         0x00000eda        0x2 ff
 .text.R_RTC_C_CalendarTimeSet
                0x00000edc       0x7c ./ra/fsp/src/r_rtc_c/r_rtc_c.o
                0x00000edc                R_RTC_C_CalendarTimeSet
 .text.r_rtc_c_bcd_to_dec
                0x00000f58       0x12 ./ra/fsp/src/r_rtc_c/r_rtc_c.o
 *fill*         0x00000f6a        0x2 ff
 .text.R_RTC_C_CalendarTimeGet
                0x00000f6c       0x70 ./ra/fsp/src/r_rtc_c/r_rtc_c.o
                0x00000f6c                R_RTC_C_CalendarTimeGet
 .text.R_RTC_C_Open
                0x00000fdc       0x68 ./ra/fsp/src/r_rtc_c/r_rtc_c.o
                0x00000fdc                R_RTC_C_Open
 .text.R_RTC_C_PeriodicIrqRateSet
                0x00001044       0x3c ./ra/fsp/src/r_rtc_c/r_rtc_c.o
                0x00001044                R_RTC_C_PeriodicIrqRateSet
 .text.rtc_c_alarm_prd_or_alm_isr
                0x00001080       0x54 ./ra/fsp/src/r_rtc_c/r_rtc_c.o
                0x00001080                rtc_c_alarm_prd_or_alm_isr
 .text.R_BSP_PinAccessEnable
                0x000010d4       0x2c ./ra/fsp/src/r_ioport/r_ioport.o
 .text.R_BSP_PinAccessDisable
                0x00001100       0x30 ./ra/fsp/src/r_ioport/r_ioport.o
 .text.R_IOPORT_PinRead
                0x00001130       0x1c ./ra/fsp/src/r_ioport/r_ioport.o
                0x00001130                R_IOPORT_PinRead
 .text.R_IOPORT_PinWrite
                0x0000114c       0x24 ./ra/fsp/src/r_ioport/r_ioport.o
                0x0000114c                R_IOPORT_PinWrite
 .text.r_ioport_pins_config
                0x00001170       0x3c ./ra/fsp/src/r_ioport/r_ioport.o
 .text.R_IOPORT_Open
                0x000011ac       0x14 ./ra/fsp/src/r_ioport/r_ioport.o
                0x000011ac                R_IOPORT_Open
 .text.r_iica_master_notify
                0x000011c0       0x20 ./ra/fsp/src/r_iica_master/r_iica_master.o
 .text.r_iica_master_run_hw_master
                0x000011e0       0x4c ./ra/fsp/src/r_iica_master/r_iica_master.o
 .text.R_IICA_MASTER_Write
                0x0000122c       0x28 ./ra/fsp/src/r_iica_master/r_iica_master.o
                0x0000122c                R_IICA_MASTER_Write
 .text.r_iica_master_open_hw_master
                0x00001254       0xdc ./ra/fsp/src/r_iica_master/r_iica_master.o
 .text.R_IICA_MASTER_Open
                0x00001330       0x60 ./ra/fsp/src/r_iica_master/r_iica_master.o
                0x00001330                R_IICA_MASTER_Open
 .text.iica_master_txrxi_isr
                0x00001390       0xdc ./ra/fsp/src/r_iica_master/r_iica_master.o
                0x00001390                iica_master_txrxi_isr
 .text.bsp_prv_operating_mode_flmode_set
                0x0000146c       0x48 ./ra/fsp/src/bsp/mcu/all/bsp_clocks.o
 .text.SystemCoreClockUpdate
                0x000014b4       0x50 ./ra/fsp/src/bsp/mcu/all/bsp_clocks.o
                0x000014b4                SystemCoreClockUpdate
 .text.bsp_prv_clock_set
                0x00001504       0x94 ./ra/fsp/src/bsp/mcu/all/bsp_clocks.o
                0x00001504                bsp_prv_clock_set
 .text.R_BSP_SubClockStabilizeWaitAfterReset
                0x00001598        0x2 ./ra/fsp/src/bsp/mcu/all/bsp_clocks.o
                0x00001598                R_BSP_SubClockStabilizeWaitAfterReset
 *fill*         0x0000159a        0x2 ff
 .text.bsp_clock_init
                0x0000159c       0xec ./ra/fsp/src/bsp/mcu/all/bsp_clocks.o
                0x0000159c                bsp_clock_init
 .text.R_BSP_SourceClockHzGet
                0x00001688        0xc ./ra/fsp/src/bsp/mcu/all/bsp_clocks.o
                0x00001688                R_BSP_SourceClockHzGet
 .text.R_BSP_Init_RTC
                0x00001694        0x2 ./ra/fsp/src/bsp/mcu/all/bsp_clocks.o
                0x00001694                R_BSP_Init_RTC
 *fill*         0x00001696        0x2 ff
 .text._sbrk    0x00001698       0x3c ./ra/fsp/src/bsp/mcu/all/bsp_sbrk.o
                0x00001698                _sbrk
 .text.bsp_init
                0x000016d4        0x2 ./ra/board/ra0e1_fpb/board_init.o
                0x000016d4                bsp_init
 *fill*         0x000016d6        0x2 ff
 .text.__muldi3
                0x000016d8       0x5c C:/Program Files (x86)/Arm GNU Toolchain arm-none-eabi/13.2 Rel1/bin/../lib/gcc/arm-none-eabi/13.2.1/thumb/v8-m.base/nofp\libgcc.a(_muldi3.o)
                0x000016d8                __muldi3
                0x000016d8                __aeabi_lmul
 .text.atoi     0x00001734        0xc C:/Program Files (x86)/Arm GNU Toolchain arm-none-eabi/13.2 Rel1/bin/../lib/gcc/arm-none-eabi/13.2.1/thumb/v8-m.base/nofp\libg_nano.a(libc_a-atoi.o)
                0x00001734                atoi
 .text.__itoa   0x00001740       0x30 C:/Program Files (x86)/Arm GNU Toolchain arm-none-eabi/13.2 Rel1/bin/../lib/gcc/arm-none-eabi/13.2.1/thumb/v8-m.base/nofp\libg_nano.a(libc_a-itoa.o)
                0x00001740                __itoa
 .text._strtol_l.isra.0
                0x00001770      0x128 C:/Program Files (x86)/Arm GNU Toolchain arm-none-eabi/13.2 Rel1/bin/../lib/gcc/arm-none-eabi/13.2.1/thumb/v8-m.base/nofp\libg_nano.a(libc_a-strtol.o)
 .text.strtol   0x00001898       0x18 C:/Program Files (x86)/Arm GNU Toolchain arm-none-eabi/13.2 Rel1/bin/../lib/gcc/arm-none-eabi/13.2.1/thumb/v8-m.base/nofp\libg_nano.a(libc_a-strtol.o)
                0x00001898                strtol
 .text.__utoa   0x000018b0       0x68 C:/Program Files (x86)/Arm GNU Toolchain arm-none-eabi/13.2 Rel1/bin/../lib/gcc/arm-none-eabi/13.2.1/thumb/v8-m.base/nofp\libg_nano.a(libc_a-utoa.o)
                0x000018b0                __utoa
 .text.sprintf  0x00001918       0x40 C:/Program Files (x86)/Arm GNU Toolchain arm-none-eabi/13.2 Rel1/bin/../lib/gcc/arm-none-eabi/13.2.1/thumb/v8-m.base/nofp\libg_nano.a(libc_a-sprintf.o)
                0x00001918                siprintf
                0x00001918                sprintf
 .text.memset   0x00001958       0x10 C:/Program Files (x86)/Arm GNU Toolchain arm-none-eabi/13.2 Rel1/bin/../lib/gcc/arm-none-eabi/13.2.1/thumb/v8-m.base/nofp\libg_nano.a(libc_a-memset.o)
                0x00001958                memset
 .text.__errno  0x00001968        0xc C:/Program Files (x86)/Arm GNU Toolchain arm-none-eabi/13.2 Rel1/bin/../lib/gcc/arm-none-eabi/13.2.1/thumb/v8-m.base/nofp\libg_nano.a(libc_a-errno.o)
                0x00001968                __errno
 .text.__retarget_lock_acquire_recursive
                0x00001974        0x2 C:/Program Files (x86)/Arm GNU Toolchain arm-none-eabi/13.2 Rel1/bin/../lib/gcc/arm-none-eabi/13.2.1/thumb/v8-m.base/nofp\libg_nano.a(libc_a-lock.o)
                0x00001974                __retarget_lock_acquire_recursive
 .text.__retarget_lock_release_recursive
                0x00001976        0x2 C:/Program Files (x86)/Arm GNU Toolchain arm-none-eabi/13.2 Rel1/bin/../lib/gcc/arm-none-eabi/13.2.1/thumb/v8-m.base/nofp\libg_nano.a(libc_a-lock.o)
                0x00001976                __retarget_lock_release_recursive
 .text.strcpy   0x00001978       0x10 C:/Program Files (x86)/Arm GNU Toolchain arm-none-eabi/13.2 Rel1/bin/../lib/gcc/arm-none-eabi/13.2.1/thumb/v8-m.base/nofp\libg_nano.a(libc_a-strcpy.o)
                0x00001978                strcpy
 .text.memcpy   0x00001988       0x12 C:/Program Files (x86)/Arm GNU Toolchain arm-none-eabi/13.2 Rel1/bin/../lib/gcc/arm-none-eabi/13.2.1/thumb/v8-m.base/nofp\libg_nano.a(libc_a-memcpy-stub.o)
                0x00001988                memcpy
 .text          0x0000199a        0xe C:/Program Files (x86)/Arm GNU Toolchain arm-none-eabi/13.2 Rel1/bin/../lib/gcc/arm-none-eabi/13.2.1/thumb/v8-m.base/nofp\libg_nano.a(libc_a-strlen.o)
                0x0000199a                strlen
 .text._free_r  0x000019a8       0x90 C:/Program Files (x86)/Arm GNU Toolchain arm-none-eabi/13.2 Rel1/bin/../lib/gcc/arm-none-eabi/13.2.1/thumb/v8-m.base/nofp\libg_nano.a(libc_a-freer.o)
                0x000019a8                _free_r
 .text.sbrk_aligned
                0x00001a38       0x44 C:/Program Files (x86)/Arm GNU Toolchain arm-none-eabi/13.2 Rel1/bin/../lib/gcc/arm-none-eabi/13.2.1/thumb/v8-m.base/nofp\libg_nano.a(libc_a-mallocr.o)
 .text._malloc_r
                0x00001a7c      0x100 C:/Program Files (x86)/Arm GNU Toolchain arm-none-eabi/13.2 Rel1/bin/../lib/gcc/arm-none-eabi/13.2.1/thumb/v8-m.base/nofp\libg_nano.a(libc_a-mallocr.o)
                0x00001a7c                _malloc_r
 .text.__malloc_lock
                0x00001b7c       0x10 C:/Program Files (x86)/Arm GNU Toolchain arm-none-eabi/13.2 Rel1/bin/../lib/gcc/arm-none-eabi/13.2.1/thumb/v8-m.base/nofp\libg_nano.a(libc_a-mlock.o)
                0x00001b7c                __malloc_lock
 .text.__malloc_unlock
                0x00001b8c       0x10 C:/Program Files (x86)/Arm GNU Toolchain arm-none-eabi/13.2 Rel1/bin/../lib/gcc/arm-none-eabi/13.2.1/thumb/v8-m.base/nofp\libg_nano.a(libc_a-mlock.o)
                0x00001b8c                __malloc_unlock
 .text.__ssputs_r
                0x00001b9c       0xc4 C:/Program Files (x86)/Arm GNU Toolchain arm-none-eabi/13.2 Rel1/bin/../lib/gcc/arm-none-eabi/13.2.1/thumb/v8-m.base/nofp\libg_nano.a(libc_a-nano-svfprintf.o)
                0x00001b9c                __ssputs_r
 .text._svfprintf_r
                0x00001c60      0x1f8 C:/Program Files (x86)/Arm GNU Toolchain arm-none-eabi/13.2 Rel1/bin/../lib/gcc/arm-none-eabi/13.2.1/thumb/v8-m.base/nofp\libg_nano.a(libc_a-nano-svfprintf.o)
                0x00001c60                _svfiprintf_r
                0x00001c60                _svfprintf_r
 .text._printf_common
                0x00001e58       0xdc C:/Program Files (x86)/Arm GNU Toolchain arm-none-eabi/13.2 Rel1/bin/../lib/gcc/arm-none-eabi/13.2.1/thumb/v8-m.base/nofp\libg_nano.a(libc_a-nano-vfprintf_i.o)
                0x00001e58                _printf_common
 .text._printf_i
                0x00001f34      0x20c C:/Program Files (x86)/Arm GNU Toolchain arm-none-eabi/13.2 Rel1/bin/../lib/gcc/arm-none-eabi/13.2.1/thumb/v8-m.base/nofp\libg_nano.a(libc_a-nano-vfprintf_i.o)
                0x00001f34                _printf_i
 .text.memmove  0x00002140       0x24 C:/Program Files (x86)/Arm GNU Toolchain arm-none-eabi/13.2 Rel1/bin/../lib/gcc/arm-none-eabi/13.2.1/thumb/v8-m.base/nofp\libg_nano.a(libc_a-memmove.o)
                0x00002140                memmove
 .text._sbrk_r  0x00002164       0x20 C:/Program Files (x86)/Arm GNU Toolchain arm-none-eabi/13.2 Rel1/bin/../lib/gcc/arm-none-eabi/13.2.1/thumb/v8-m.base/nofp\libg_nano.a(libc_a-sbrkr.o)
                0x00002164                _sbrk_r
 .text.memchr   0x00002184       0x16 C:/Program Files (x86)/Arm GNU Toolchain arm-none-eabi/13.2 Rel1/bin/../lib/gcc/arm-none-eabi/13.2.1/thumb/v8-m.base/nofp\libg_nano.a(libc_a-memchr-stub.o)
                0x00002184                memchr
 .text._realloc_r
                0x0000219a       0x5a C:/Program Files (x86)/Arm GNU Toolchain arm-none-eabi/13.2 Rel1/bin/../lib/gcc/arm-none-eabi/13.2.1/thumb/v8-m.base/nofp\libg_nano.a(libc_a-reallocr.o)
                0x0000219a                _realloc_r
 .text._malloc_usable_size_r
                0x000021f4       0x10 C:/Program Files (x86)/Arm GNU Toolchain arm-none-eabi/13.2 Rel1/bin/../lib/gcc/arm-none-eabi/13.2.1/thumb/v8-m.base/nofp\libg_nano.a(libc_a-msizer.o)
                0x000021f4                _malloc_usable_size_r
 .text          0x00002204       0x14 C:/Program Files (x86)/Arm GNU Toolchain arm-none-eabi/13.2 Rel1/bin/../lib/gcc/arm-none-eabi/13.2.1/thumb/v8-m.base/nofp\libgcc.a(_thumb1_case_shi.o)
                0x00002204                __gnu_thumb1_case_shi
 *(.version)
 .version       0x00002218       0x50 ./ra/fsp/src/bsp/mcu/all/bsp_common.o
 *(.init)
 .init          0x00002268        0x4 C:/Program Files (x86)/Arm GNU Toolchain arm-none-eabi/13.2 Rel1/bin/../lib/gcc/arm-none-eabi/13.2.1/thumb/v8-m.base/nofp/crti.o
                0x00002268                _init
 .init          0x0000226c        0x8 C:/Program Files (x86)/Arm GNU Toolchain arm-none-eabi/13.2 Rel1/bin/../lib/gcc/arm-none-eabi/13.2.1/thumb/v8-m.base/nofp/crtn.o
 *(.fini)
 .fini          0x00002274        0x4 C:/Program Files (x86)/Arm GNU Toolchain arm-none-eabi/13.2 Rel1/bin/../lib/gcc/arm-none-eabi/13.2.1/thumb/v8-m.base/nofp/crti.o
                0x00002274                _fini
 .fini          0x00002278        0x8 C:/Program Files (x86)/Arm GNU Toolchain arm-none-eabi/13.2 Rel1/bin/../lib/gcc/arm-none-eabi/13.2.1/thumb/v8-m.base/nofp/crtn.o
 *crtbegin.o(.ctors)
 *crtbegin?.o(.ctors)
 *(EXCLUDE_FILE(*crtend.o *crtend?.o) .ctors)
 *(SORT_BY_NAME(.ctors.*))
 *(.ctors)
 *crtbegin.o(.dtors)
 *crtbegin?.o(.dtors)
 *(EXCLUDE_FILE(*crtend.o *crtend?.o) .dtors)
 *(SORT_BY_NAME(.dtors.*))
 *(.dtors)
 *(.rodata*)
 .rodata.SetTime.str1.1
                0x00002280      0x121 ./src/hal_entry.o
                                 0x66 (size before relaxing)
 .rodata.DispTime.str1.1
                0x000023a1       0x56 ./src/hal_entry.o
 .rodata.hal_entry.str1.1
                0x000023a1       0x14 ./src/hal_entry.o
 *fill*         0x000023a1        0x3 ff
 .rodata.g_uart0_cfg
                0x000023a4       0x20 ./ra_gen/hal_data.o
                0x000023a4                g_uart0_cfg
 .rodata.g_uart0_cfg_extend
                0x000023c4        0x8 ./ra_gen/hal_data.o
                0x000023c4                g_uart0_cfg_extend
 .rodata.g_timer0_cfg
                0x000023cc       0x20 ./ra_gen/hal_data.o
                0x000023cc                g_timer0_cfg
 .rodata.g_timer0_extend
                0x000023ec        0xc ./ra_gen/hal_data.o
                0x000023ec                g_timer0_extend
 .rodata.g_iica_master0_cfg
                0x000023f8       0x28 ./ra_gen/hal_data.o
                0x000023f8                g_iica_master0_cfg
 .rodata.g_iica_master0_extend
                0x00002420       0x18 ./ra_gen/hal_data.o
                0x00002420                g_iica_master0_extend
 .rodata.g_rtc0_cfg
                0x00002438       0x20 ./ra_gen/hal_data.o
                0x00002438                g_rtc0_cfg
 .rodata.g_rtc0_cfg_extend
                0x00002458        0x1 ./ra_gen/hal_data.o
                0x00002458                g_rtc0_cfg_extend
 *fill*         0x00002459        0x3 ff
 .rodata.g_bsp_pin_cfg
                0x0000245c        0xc ./ra_gen/pin_data.o
                0x0000245c                g_bsp_pin_cfg
 .rodata.g_bsp_pin_cfg_data
                0x00002468       0xe8 ./ra_gen/pin_data.o
                0x00002468                g_bsp_pin_cfg_data
 .rodata.uarta_f_uta0_sel_lut
                0x00002550        0x4 ./ra/fsp/src/r_uarta/r_uarta.o
 .rodata.uarta_parity_lut
                0x00002554        0x4 ./ra/fsp/src/r_uarta/r_uarta.o
 .rodata.tau_func_setting_lut
                0x00002558       0x10 ./ra/fsp/src/r_tau/r_tau.o
 .rodata.__utoa.str1.1
                0x00002568       0x25 C:/Program Files (x86)/Arm GNU Toolchain arm-none-eabi/13.2 Rel1/bin/../lib/gcc/arm-none-eabi/13.2.1/thumb/v8-m.base/nofp\libg_nano.a(libc_a-utoa.o)
 .rodata._ctype_
                0x00002568      0x101 C:/Program Files (x86)/Arm GNU Toolchain arm-none-eabi/13.2 Rel1/bin/../lib/gcc/arm-none-eabi/13.2.1/thumb/v8-m.base/nofp\libg_nano.a(libc_a-ctype_.o)
                0x00002568                _ctype_
 .rodata._svfprintf_r.str1.1
                0x00002669       0x11 C:/Program Files (x86)/Arm GNU Toolchain arm-none-eabi/13.2 Rel1/bin/../lib/gcc/arm-none-eabi/13.2.1/thumb/v8-m.base/nofp\libg_nano.a(libc_a-nano-svfprintf.o)
 .rodata._printf_i.str1.1
                0x00002669       0x22 C:/Program Files (x86)/Arm GNU Toolchain arm-none-eabi/13.2 Rel1/bin/../lib/gcc/arm-none-eabi/13.2.1/thumb/v8-m.base/nofp\libg_nano.a(libc_a-nano-vfprintf_i.o)
                0x00002669                        __usb_dev_descriptor_start_fs = .
 *(.usb_device_desc_fs*)
                0x00002669                        __usb_cfg_descriptor_start_fs = .
 *(.usb_config_desc_fs*)
                0x00002669                        __usb_interface_descriptor_start_fs = .
 *(.usb_interface_desc_fs*)
                0x00002669                        __usb_descriptor_end_fs = .
                0x00002669                        __usb_dev_descriptor_start_hs = .
 *(.usb_device_desc_hs*)
                0x00002669                        __usb_cfg_descriptor_start_hs = .
 *(.usb_config_desc_hs*)
                0x00002669                        __usb_interface_descriptor_start_hs = .
 *(.usb_interface_desc_hs*)
                0x00002669                        __usb_descriptor_end_hs = .
 *(.eh_frame*)
 *fill*         0x00002669        0x3 ff
 .eh_frame      0x0000266c        0x0 C:/Program Files (x86)/Arm GNU Toolchain arm-none-eabi/13.2 Rel1/bin/../lib/gcc/arm-none-eabi/13.2.1/thumb/v8-m.base/nofp/crtbegin.o
 .eh_frame      0x0000266c        0x4 C:/Program Files (x86)/Arm GNU Toolchain arm-none-eabi/13.2 Rel1/bin/../lib/gcc/arm-none-eabi/13.2.1/thumb/v8-m.base/nofp/crtend.o
                0x00002670                        __ROM_End = .
                0x000000e8                        __Vectors_Size = (__Vectors_End - __Vectors)

.glue_7         0x00002670        0x0
 .glue_7        0x00002670        0x0 linker stubs

.glue_7t        0x00002670        0x0
 .glue_7t       0x00002670        0x0 linker stubs

.vfp11_veneer   0x00002670        0x0
 .vfp11_veneer  0x00002670        0x0 linker stubs

.v4_bx          0x00002670        0x0
 .v4_bx         0x00002670        0x0 linker stubs

.iplt           0x00002670        0x0
 .iplt          0x00002670        0x0 C:/Program Files (x86)/Arm GNU Toolchain arm-none-eabi/13.2 Rel1/bin/../lib/gcc/arm-none-eabi/13.2.1/thumb/v8-m.base/nofp/crtbegin.o
                0x00002670                        . = .
                0x00002670                        __itcm_data_pre_location = .

.itcm_data      0x00000000        0x0 load address 0x00002670
                0x00000000                        __tz_ITCM_S = ABSOLUTE (ITCM_START)
                0x00000000                        __itcm_data_start = .
 *(.itcm_data*)
                0x00000000                        . = ALIGN (0x8)
                0x00000000                        __itcm_data_end = .
                0x00000000                        __tz_ITCM_N = DEFINED (ITCM_NS_START)?ABSOLUTE (ITCM_NS_START):ALIGN (__itcm_data_end, 0x2000)
                0x00002670                        __itcm_data_init_start = LOADADDR (.itcm_data)
                0x00002670                        __itcm_data_init_end = (LOADADDR (.itcm_data) + SIZEOF (.itcm_data))
                0x00000001                        ASSERT (((ORIGIN (ITCM) % 0x8) == 0x0), ITCM memory region origin must be aligned to 8 bytes.)
                0x00000001                        ASSERT (((LENGTH (ITCM) % 0x8) == 0x0), ITCM memory region length must be a multiple of 8 bytes.)
                0x00000001                        ASSERT (((LOADADDR (.itcm_data) % 0x10) == 0x0), .itcm_data section must be aligned to 16 bytes.)
                0x00000001                        ASSERT (((SIZEOF (.itcm_data) % 0x8) == 0x0), .itcm_data section size must be a multiple of 8 bytes.)
                0x00002670                        . = (SIZEOF (.itcm_data) > 0x0)?__itcm_data_init_end:__itcm_data_pre_location
                0x00002670                        __exidx_start = .

/DISCARD/
 *(.ARM.extab* .gnu.linkonce.armextab.*)
 *(.ARM.exidx* .gnu.linkonce.armexidx.*)
                0x00002670                        __exidx_end = .
                0x00002670                        __etext = .
                0x20004000                        __tz_RAM_S = ORIGIN (RAM)

.fsp_dtc_vector_table
                0x20004000        0x0
                0x20004000                        . = ORIGIN (RAM)
 *(.fsp_dtc_vector_table)

.data           0x20004000       0x5c load address 0x00002670
                0x20004000                        __data_start__ = .
                0x20004000                        . = ALIGN (0x4)
                0x20004000                        __Code_In_RAM_Start = .
 *(.code_in_ram*)
                0x20004000                        __Code_In_RAM_End = .
 *(vtable)
 *(.data.*)
 .data.g_uart0_baud_setting
                0x20004000        0x2 ./ra_gen/hal_data.o
                0x20004000                g_uart0_baud_setting
 *fill*         0x20004002        0x2 
 .data._impure_ptr
                0x20004004        0x4 C:/Program Files (x86)/Arm GNU Toolchain arm-none-eabi/13.2 Rel1/bin/../lib/gcc/arm-none-eabi/13.2.1/thumb/v8-m.base/nofp\libg_nano.a(libc_a-impure.o)
                0x20004004                _impure_ptr
 .data._impure_data
                0x20004008       0x4c C:/Program Files (x86)/Arm GNU Toolchain arm-none-eabi/13.2 Rel1/bin/../lib/gcc/arm-none-eabi/13.2.1/thumb/v8-m.base/nofp\libg_nano.a(libc_a-impure.o)
                0x20004008                _impure_data
 *(.data)
                0x20004054                        . = ALIGN (0x4)
                0x20004054                        PROVIDE (__preinit_array_start = .)
 *(.preinit_array)
                0x20004054                        PROVIDE (__preinit_array_end = .)
                0x20004054                        . = ALIGN (0x4)
                0x20004054                        PROVIDE (__init_array_start = .)
 *(SORT_BY_NAME(.init_array.*))
 *(.init_array)
 .init_array    0x20004054        0x4 C:/Program Files (x86)/Arm GNU Toolchain arm-none-eabi/13.2 Rel1/bin/../lib/gcc/arm-none-eabi/13.2.1/thumb/v8-m.base/nofp/crtbegin.o
                0x20004058                        PROVIDE (__init_array_end = .)
                0x20004058                        . = ALIGN (0x4)
                [!provide]                        PROVIDE (__fini_array_start = .)
 *(SORT_BY_NAME(.fini_array.*))
 *(.fini_array)
 .fini_array    0x20004058        0x4 C:/Program Files (x86)/Arm GNU Toolchain arm-none-eabi/13.2 Rel1/bin/../lib/gcc/arm-none-eabi/13.2.1/thumb/v8-m.base/nofp/crtbegin.o
                [!provide]                        PROVIDE (__fini_array_end = .)
 *(.jcr*)
                0x2000405c                        . = ALIGN (0x4)
                0x2000405c                        __data_end__ = .

.tm_clone_table
                0x2000405c        0x0 load address 0x000026cc
 .tm_clone_table
                0x2000405c        0x0 C:/Program Files (x86)/Arm GNU Toolchain arm-none-eabi/13.2 Rel1/bin/../lib/gcc/arm-none-eabi/13.2.1/thumb/v8-m.base/nofp/crtbegin.o
 .tm_clone_table
                0x2000405c        0x0 C:/Program Files (x86)/Arm GNU Toolchain arm-none-eabi/13.2 Rel1/bin/../lib/gcc/arm-none-eabi/13.2.1/thumb/v8-m.base/nofp/crtend.o

.igot.plt       0x2000405c        0x0 load address 0x000026cc
 .igot.plt      0x2000405c        0x0 C:/Program Files (x86)/Arm GNU Toolchain arm-none-eabi/13.2 Rel1/bin/../lib/gcc/arm-none-eabi/13.2.1/thumb/v8-m.base/nofp/crtbegin.o
                0x2000405c                        . = .
                0x000026cc                        __dtcm_data_pre_location = (LOADADDR (.data) + SIZEOF (.data))

.dtcm_data      0x00000000        0x0 load address 0x000026d0
                0x00000000                        __tz_DTCM_S = ABSOLUTE (DTCM_START)
                0x00000000                        __dtcm_data_start = .
 *(.dtcm_data*)
                0x00000000                        . = ALIGN (0x8)
                0x00000000                        __dtcm_data_end = .
                0x00000000                        . = __dtcm_data_end

.dtcm_bss       0x00000000        0x0
                0x00000000                        __dtcm_bss_start = .
 *(.dtcm_bss*)
                0x00000000                        . = ALIGN (0x8)
                0x00000000                        __dtcm_bss_end = .
                0x00000000                        __tz_DTCM_N = DEFINED (DTCM_NS_START)?ABSOLUTE (DTCM_NS_START):ALIGN (__dtcm_bss_end, 0x2000)
                0x000026d0                        __dtcm_data_init_start = LOADADDR (.dtcm_data)
                0x000026d0                        __dtcm_data_init_end = (LOADADDR (.dtcm_data) + SIZEOF (.dtcm_data))
                0x00000001                        ASSERT (((ORIGIN (DTCM) % 0x8) == 0x0), DTCM memory region origin must be aligned to 8 bytes.)
                0x00000001                        ASSERT (((LENGTH (DTCM) % 0x8) == 0x0), DTCM memory region length must be a multiple of 8 bytes.)
                0x00000001                        ASSERT ((LOADADDR (.dtcm_bss) == ADDR (.dtcm_bss)), .dtcm_bss has (VMA != LMA) but should be NOLOAD (VMA == LMA).)
                0x00000001                        ASSERT (((LOADADDR (.dtcm_data) % 0x10) == 0x0), .dtcm_data section must be aligned to 16 bytes.)
                0x00000001                        ASSERT (((SIZEOF (.dtcm_data) % 0x8) == 0x0), .dtcm_data section size must be a multiple of 8 bytes.)
                0x00000001                        ASSERT (((LOADADDR (.dtcm_bss) % 0x8) == 0x0), .dtcm_bss section must be aligned to 8 bytes.)
                0x00000001                        ASSERT (((SIZEOF (.dtcm_bss) % 0x8) == 0x0), .dtcm_bss section size must be a multiple of 8 bytes.)
                0x00000001                        ASSERT ((__dtcm_bss_start == __dtcm_data_end), .dtcm_bss section is not adjacent to .dtcm_data section.)
                0x000026cc                        . = (SIZEOF (.dtcm_data) > 0x0)?__dtcm_data_init_end:__dtcm_data_pre_location
                0x000026cc                        sgstubs_pre_location = .
                0x00002800                        SGSTUBS_LOC = (DEFINED (PROJECT_SECURE) && DEFINED (FLASH_NSC_START))?ABSOLUTE (FLASH_NSC_START):ALIGN (0x400)

.gnu.sgstubs    0x00002800        0x0
                0x00002800                        __tz_FLASH_C = DEFINED (FLASH_NSC_START)?ABSOLUTE (FLASH_NSC_START):__RESERVE_NS_RAM?ABSOLUTE ((FLASH_START + FLASH_LENGTH)):ALIGN (0x400)
                0x00002800                        _start_sg = .
 *(.gnu.sgstubs*)
                0x00002800                        . = ALIGN (0x20)
                0x00002800                        _end_sg = .
                0x00008000                        __tz_FLASH_N = DEFINED (FLASH_NS_START)?ABSOLUTE (FLASH_NS_START):__RESERVE_NS_RAM?ABSOLUTE ((FLASH_START + FLASH_LENGTH)):(FLASH_LENGTH < 0x8000)?FLASH_LENGTH:ALIGN (0x8000)
                0x00008000                        FLASH_NS_IMAGE_START = DEFINED (FLASH_NS_IMAGE_START)?FLASH_NS_IMAGE_START:__tz_FLASH_N
                0x60000000                        __tz_QSPI_FLASH_S = ORIGIN (QSPI_FLASH)

.qspi_flash     0x60000000        0x0
                0x60000000                        __qspi_flash_start__ = .
 *(.qspi_flash*)
 *(.code_in_qspi*)
                0x60000000                        __qspi_flash_end__ = .
                0x00000000                        __qspi_flash_code_size__ = (__qspi_flash_end__ - __qspi_flash_start__)
                0x000026cc                        __qspi_flash_code_addr__ = sgstubs_pre_location

.qspi_non_retentive
                0x60000000        0x0 load address 0x000026cc
                0x60000000                        __qspi_non_retentive_start__ = .
 *(.qspi_non_retentive*)
                0x60000000                        __qspi_non_retentive_end__ = .
                0x00000000                        __qspi_non_retentive_size__ = (__qspi_non_retentive_end__ - __qspi_non_retentive_start__)
                0x04000000                        __qspi_region_max_size__ = 0x4000000
                0x60000000                        __qspi_region_start_address__ = __qspi_flash_start__
                0x64000000                        __qspi_region_end_address__ = (__qspi_flash_start__ + __qspi_region_max_size__)
                0x60000000                        __tz_QSPI_FLASH_N = __qspi_non_retentive_end__

.OSPI_DEVICE_0_NO_LOAD
                0x80020000        0x0
                0x80020000                        . = ALIGN (0x4)
                0x80020000                        __ospi_device_0_start__ = .
 *(.ospi_device_0_no_load*)
                0x80020000                        . = ALIGN (0x4)
                0x80020000                        __ospi_device_0_end__ = .

.OSPI_DEVICE_1_NO_LOAD
                0x80030000        0x0
                0x80030000                        . = ALIGN (0x4)
                0x80030000                        __ospi_device_1_start__ = .
 *(.ospi_device_1_no_load*)
                0x80030000                        . = ALIGN (0x4)
                0x80030000                        __ospi_device_1_end__ = .
                0x80020000                        __tz_OSPI_DEVICE_0_S = ORIGIN (OSPI_DEVICE_0)

.OSPI_DEVICE_0  0x80020000        0x0
                0x80020000                        __ospi_device_0_start__ = .
 *(.ospi_device_0*)
 *(.code_in_ospi_device_0*)
                0x80020000                        __ospi_device_0_end__ = .
                0x00000000                        __ospi_device_0_code_size__ = (__ospi_device_0_end__ - __ospi_device_0_start__)
                0x000026cc                        __ospi_device_0_code_addr__ = (sgstubs_pre_location + SIZEOF (.qspi_non_retentive))

.ospi_device_0_non_retentive
                0x80020000        0x0 load address 0x000026cc
                0x80020000                        __ospi_device_0_non_retentive_start__ = .
 *(.ospi_device_0_non_retentive*)
                0x80020000                        __ospi_device_0_non_retentive_end__ = .
                0x00000000                        __ospi_device_0_non_retentive_size__ = (__ospi_device_0_non_retentive_end__ - __ospi_device_0_non_retentive_start__)
                0x08000000                        __ospi_device_0_region_max_size__ = 0x8000000
                0x80020000                        __ospi_device_0_region_start_address__ = __ospi_device_0_start__
                0x88020000                        __ospi_device_0_region_end_address__ = (__ospi_device_0_start__ + __ospi_device_0_region_max_size__)
                0x80020000                        __tz_OSPI_DEVICE_0_N = __ospi_device_0_non_retentive_end__
                0x80030000                        __tz_OSPI_DEVICE_1_S = ORIGIN (OSPI_DEVICE_1)

.OSPI_DEVICE_1  0x80030000        0x0
                0x80030000                        __ospi_device_1_start__ = .
 *(.ospi_device_1*)
 *(.code_in_ospi_device_1*)
                0x80030000                        __ospi_device_1_end__ = .
                0x00000000                        __ospi_device_1_code_size__ = (__ospi_device_1_end__ - __ospi_device_1_start__)
                0x000026cc                        __ospi_device_1_code_addr__ = (sgstubs_pre_location + (SIZEOF (.qspi_non_retentive) + SIZEOF (.ospi_device_0_non_retentive)))

.ospi_device_1_non_retentive
                0x80030000        0x0 load address 0x000026cc
                0x80030000                        __ospi_device_1_non_retentive_start__ = .
 *(.ospi_device_1_non_retentive*)
                0x80030000                        __ospi_device_1_non_retentive_end__ = .
                0x00000000                        __ospi_device_1_non_retentive_size__ = (__ospi_device_1_non_retentive_end__ - __ospi_device_1_non_retentive_start__)
                0x10000000                        __ospi_device_1_region_max_size__ = 0x10000000
                0x80030000                        __ospi_device_1_region_start_address__ = __ospi_device_1_start__
                0x90030000                        __ospi_device_1_region_end_address__ = (__ospi_device_1_start__ + __ospi_device_1_region_max_size__)
                0x80030000                        __tz_OSPI_DEVICE_1_N = __ospi_device_1_non_retentive_end__

.noinit         0x2000405c       0x14
                0x2000405c                        . = ALIGN (0x4)
                0x2000405c                        __noinit_start = .
 *(.noinit*)
 .noinit        0x2000405c       0x14 ./ra/fsp/src/bsp/mcu/all/bsp_clocks.o
                0x20004070                        . = ALIGN (0x8)
 *(.heap.*)
                0x20004070                        __noinit_end = .

.bss            0x20004070      0x308
                0x20004070                        . = ALIGN (0x4)
                0x20004070                        __bss_start__ = .
 *(.bss*)
 .bss.completed.1
                0x20004070        0x1 C:/Program Files (x86)/Arm GNU Toolchain arm-none-eabi/13.2 Rel1/bin/../lib/gcc/arm-none-eabi/13.2.1/thumb/v8-m.base/nofp/crtbegin.o
 *fill*         0x20004071        0x3 
 .bss.object.0  0x20004074       0x18 C:/Program Files (x86)/Arm GNU Toolchain arm-none-eabi/13.2 Rel1/bin/../lib/gcc/arm-none-eabi/13.2.1/thumb/v8-m.base/nofp/crtbegin.o
 .bss.prev.0    0x2000408c       0x24 ./src/hal_entry.o
 .bss.rtc_irq   0x200040b0        0x1 ./src/hal_entry.o
 .bss.i2c_writing
                0x200040b1        0x1 ./src/hal_entry.o
 .bss.timer_wait
                0x200040b2        0x1 ./src/hal_entry.o
 .bss.uart_receiving
                0x200040b3        0x1 ./src/hal_entry.o
 .bss.uart_sending
                0x200040b4        0x1 ./src/hal_entry.o
 *fill*         0x200040b5        0x3 
 .bss.g_ioport_ctrl
                0x200040b8        0x8 ./ra_gen/common_data.o
                0x200040b8                g_ioport_ctrl
 .bss.g_uart0_ctrl
                0x200040c0       0x24 ./ra_gen/hal_data.o
                0x200040c0                g_uart0_ctrl
 .bss.g_timer0_ctrl
                0x200040e4       0x14 ./ra_gen/hal_data.o
                0x200040e4                g_timer0_ctrl
 .bss.g_iica_master0_ctrl
                0x200040f8       0x34 ./ra_gen/hal_data.o
                0x200040f8                g_iica_master0_ctrl
 .bss.g_rtc0_ctrl
                0x2000412c       0x10 ./ra_gen/hal_data.o
                0x2000412c                g_rtc0_ctrl
 .bss.g_bsp_group_irq_sources
                0x2000413c       0x40 ./ra/fsp/src/bsp/mcu/all/bsp_group_irq.o
                0x2000413c                g_bsp_group_irq_sources
 .bss.g_protect_pfswe_counter
                0x2000417c        0x4 ./ra/fsp/src/bsp/mcu/all/bsp_io.o
                0x2000417c                g_protect_pfswe_counter
 .bss.gp_renesas_isr_context
                0x20004180       0xa8 ./ra/fsp/src/bsp/mcu/all/bsp_irq.o
                0x20004180                gp_renesas_isr_context
 .bss.current_heap_end.0
                0x20004228        0x4 ./ra/fsp/src/bsp/mcu/all/bsp_sbrk.o
 .bss.SystemCoreClock
                0x2000422c        0x4 ./ra/fsp/src/bsp/cmsis/Device/RENESAS/Source/system.o
                0x2000422c                SystemCoreClock
 .bss.__sf      0x20004230      0x138 C:/Program Files (x86)/Arm GNU Toolchain arm-none-eabi/13.2 Rel1/bin/../lib/gcc/arm-none-eabi/13.2.1/thumb/v8-m.base/nofp\libg_nano.a(libc_a-findfp.o)
                0x20004230                __sf
 .bss.errno     0x20004368        0x4 C:/Program Files (x86)/Arm GNU Toolchain arm-none-eabi/13.2 Rel1/bin/../lib/gcc/arm-none-eabi/13.2.1/thumb/v8-m.base/nofp\libg_nano.a(libc_a-reent.o)
                0x20004368                errno
 .bss.__lock___malloc_recursive_mutex
                0x2000436c        0x1 C:/Program Files (x86)/Arm GNU Toolchain arm-none-eabi/13.2 Rel1/bin/../lib/gcc/arm-none-eabi/13.2.1/thumb/v8-m.base/nofp\libg_nano.a(libc_a-lock.o)
                0x2000436c                __lock___malloc_recursive_mutex
 *fill*         0x2000436d        0x3 
 .bss.__malloc_sbrk_start
                0x20004370        0x4 C:/Program Files (x86)/Arm GNU Toolchain arm-none-eabi/13.2 Rel1/bin/../lib/gcc/arm-none-eabi/13.2.1/thumb/v8-m.base/nofp\libg_nano.a(libc_a-mallocr.o)
                0x20004370                __malloc_sbrk_start
 .bss.__malloc_free_list
                0x20004374        0x4 C:/Program Files (x86)/Arm GNU Toolchain arm-none-eabi/13.2 Rel1/bin/../lib/gcc/arm-none-eabi/13.2.1/thumb/v8-m.base/nofp\libg_nano.a(libc_a-mallocr.o)
                0x20004374                __malloc_free_list
 *(COMMON)
                0x20004378                        . = ALIGN (0x4)
                0x20004378                        __bss_end__ = .

.heap           0x20004378        0x0
                0x20004378                        . = ALIGN (0x8)
                0x20004378                        __HeapBase = .
 *(.heap)
                0x20004378                        __HeapLimit = .

.stack_dummy    0x20004378      0x400
                0x20004378                        . = ALIGN (0x8)
                0x20004378                        __StackLimit = .
 *(.stack)
 .stack         0x20004378      0x400 ./ra/fsp/src/bsp/cmsis/Device/RENESAS/Source/startup.o
                0x20004778                        __StackTop = .
 *(.stack*)
                0x20004778                        __StackTopAll = .
                0x20004778                        PROVIDE (__stack = __StackTopAll)
                0x20004778                        __RAM_segment_used_end__ = ALIGN (__StackTopAll, 0x4)
                0x20004800                        __tz_RAM_C = DEFINED (RAM_NSC_START)?ABSOLUTE ((RAM_NSC_START - RAM_NS_BUFFER_BLOCK_LENGTH)):__RESERVE_NS_RAM?ABSOLUTE (RAM_NS_BUFFER_BLOCK_START):ALIGN (__RAM_segment_used_end__, 0x400)
                0x20006000                        __tz_RAM_N = DEFINED (RAM_NS_START)?ABSOLUTE ((RAM_NS_START - RAM_NS_BUFFER_BLOCK_LENGTH)):__RESERVE_NS_RAM?ABSOLUTE (RAM_NS_BUFFER_BLOCK_START):ALIGN (__tz_RAM_C, 0x2000)

.ns_buffer      0x20004778        0x0
                0x20004778                        . = __RESERVE_NS_RAM?ABSOLUTE ((RAM_NS_BUFFER_START & 0xffffffe0)):.
 *(.ns_buffer*)

.data_flash     0x40100000        0x0
                0x40100000                        . = ORIGIN (DATA_FLASH)
                0x40100000                        __tz_DATA_FLASH_S = .
                0x40100000                        __Data_Flash_Start = .
 *(.data_flash*)
                0x40100000                        __Data_Flash_End = .
                0x40100000                        __tz_DATA_FLASH_N = DEFINED (DATA_FLASH_NS_START)?ABSOLUTE (DATA_FLASH_NS_START):__RESERVE_NS_RAM?ABSOLUTE ((DATA_FLASH_START + DATA_FLASH_LENGTH)):ALIGN (0x400)
                0x80010000                        __tz_SDRAM_S = ORIGIN (SDRAM)

.sdram          0x80010000        0x0
                0x80010000                        __SDRAM_Start = .
 *(.sdram*)
 *(.frame*)
                0x80010000                        __SDRAM_End = .
                0x80010000                        __tz_SDRAM_N = __SDRAM_End
                0x01010018                        __tz_ID_CODE_S = ORIGIN (ID_CODE)
                0x01010018                        __tz_ID_CODE_N = __tz_ID_CODE_S

.id_code        0x01010018       0x1c
                0x01010018                        __ID_Code_Start = .
 *(.id_code*)
 .id_code       0x01010018       0x1c ./ra/fsp/src/bsp/mcu/all/bsp_rom_registers.o
                0x01010034                        __ID_Code_End = .
                0x00000000                        __tz_OPTION_SETTING_S = ORIGIN (OPTION_SETTING_OFS)

.rel.dyn        0x01010034        0x0
 .rel.iplt      0x01010034        0x0 C:/Program Files (x86)/Arm GNU Toolchain arm-none-eabi/13.2 Rel1/bin/../lib/gcc/arm-none-eabi/13.2.1/thumb/v8-m.base/nofp/crtbegin.o

.option_setting_ofs
                0x00000000        0x0
                0x00000000                        __OPTION_SETTING_OFS_Start = .
 *(.option_setting_ofs0)
                0x00000000                        . = PROJECT_SECURE_OR_FLAT?(__OPTION_SETTING_OFS_Start + 0x4):__OPTION_SETTING_OFS_Start
 *(.option_setting_ofs2)
                0x00000000                        . = PROJECT_SECURE_OR_FLAT?(__OPTION_SETTING_OFS_Start + 0x10):__OPTION_SETTING_OFS_Start
 *(.option_setting_dualsel)
                0x00000000                        __OPTION_SETTING_OFS_End = .

.option_setting_sas
                0x00000034        0x0
                0x00000034                        __OPTION_SETTING_SAS_Start = .
 *(.option_setting_sas)
                0x00000034                        __OPTION_SETTING_SAS_End = .
                0x00000080                        __tz_OPTION_SETTING_N = ABSOLUTE (OPTION_SETTING_START_NS)

.option_setting_ns
                0x00000000        0x0
                0x00000000                        __OPTION_SETTING_NS_Start = .
 *(.option_setting_ofs1)
                0x00000000                        . = USE_OPTION_SETTING_NS?(__OPTION_SETTING_NS_Start + 0x4):__OPTION_SETTING_NS_Start
 *(.option_setting_ofs3)
                0x00000000                        . = USE_OPTION_SETTING_NS?(__OPTION_SETTING_NS_Start + 0x10):__OPTION_SETTING_NS_Start
 *(.option_setting_banksel)
                0x00000000                        . = USE_OPTION_SETTING_NS?(__OPTION_SETTING_NS_Start + 0x40):__OPTION_SETTING_NS_Start
 *(.option_setting_bps0)
                0x00000000                        . = USE_OPTION_SETTING_NS?(__OPTION_SETTING_NS_Start + 0x44):__OPTION_SETTING_NS_Start
 *(.option_setting_bps1)
                0x00000000                        . = USE_OPTION_SETTING_NS?(__OPTION_SETTING_NS_Start + 0x48):__OPTION_SETTING_NS_Start
 *(.option_setting_bps2)
                0x00000000                        . = USE_OPTION_SETTING_NS?(__OPTION_SETTING_NS_Start + 0x4c):__OPTION_SETTING_NS_Start
 *(.option_setting_bps3)
                0x00000000                        . = USE_OPTION_SETTING_NS?(__OPTION_SETTING_NS_Start + 0x60):__OPTION_SETTING_NS_Start
 *(.option_setting_pbps0)
                0x00000000                        . = USE_OPTION_SETTING_NS?(__OPTION_SETTING_NS_Start + 0x64):__OPTION_SETTING_NS_Start
 *(.option_setting_pbps1)
                0x00000000                        . = USE_OPTION_SETTING_NS?(__OPTION_SETTING_NS_Start + 0x68):__OPTION_SETTING_NS_Start
 *(.option_setting_pbps2)
                0x00000000                        . = USE_OPTION_SETTING_NS?(__OPTION_SETTING_NS_Start + 0x6c):__OPTION_SETTING_NS_Start
 *(.option_setting_pbps3)
                0x00000000                        __OPTION_SETTING_NS_End = .
                0x80000000                        __tz_OPTION_SETTING_S_S = ORIGIN (OPTION_SETTING_S)

.option_setting_s
                0x80000000        0x0
                0x80000000                        __OPTION_SETTING_S_Start = .
 *(.option_setting_ofs1_sec)
                0x80000000                        . = PROJECT_SECURE_OR_FLAT?(__OPTION_SETTING_S_Start + 0x4):__OPTION_SETTING_S_Start
 *(.option_setting_ofs3_sec)
                0x80000000                        . = PROJECT_SECURE_OR_FLAT?(__OPTION_SETTING_S_Start + 0x10):__OPTION_SETTING_S_Start
 *(.option_setting_banksel_sec)
                0x80000000                        . = PROJECT_SECURE_OR_FLAT?(__OPTION_SETTING_S_Start + 0x40):__OPTION_SETTING_S_Start
 *(.option_setting_bps_sec0)
                0x80000000                        . = PROJECT_SECURE_OR_FLAT?(__OPTION_SETTING_S_Start + 0x44):__OPTION_SETTING_S_Start
 *(.option_setting_bps_sec1)
                0x80000000                        . = PROJECT_SECURE_OR_FLAT?(__OPTION_SETTING_S_Start + 0x48):__OPTION_SETTING_S_Start
 *(.option_setting_bps_sec2)
                0x80000000                        . = PROJECT_SECURE_OR_FLAT?(__OPTION_SETTING_S_Start + 0x4c):__OPTION_SETTING_S_Start
 *(.option_setting_bps_sec3)
                0x80000000                        . = PROJECT_SECURE_OR_FLAT?(__OPTION_SETTING_S_Start + 0x60):__OPTION_SETTING_S_Start
 *(.option_setting_pbps_sec0)
                0x80000000                        . = PROJECT_SECURE_OR_FLAT?(__OPTION_SETTING_S_Start + 0x64):__OPTION_SETTING_S_Start
 *(.option_setting_pbps_sec1)
                0x80000000                        . = PROJECT_SECURE_OR_FLAT?(__OPTION_SETTING_S_Start + 0x68):__OPTION_SETTING_S_Start
 *(.option_setting_pbps_sec2)
                0x80000000                        . = PROJECT_SECURE_OR_FLAT?(__OPTION_SETTING_S_Start + 0x6c):__OPTION_SETTING_S_Start
 *(.option_setting_pbps_sec3)
                0x80000000                        . = PROJECT_SECURE_OR_FLAT?(__OPTION_SETTING_S_Start + 0x80):__OPTION_SETTING_S_Start
 *(.option_setting_ofs1_sel)
                0x80000000                        . = PROJECT_SECURE_OR_FLAT?(__OPTION_SETTING_S_Start + 0x84):__OPTION_SETTING_S_Start
 *(.option_setting_ofs3_sel)
                0x80000000                        . = PROJECT_SECURE_OR_FLAT?(__OPTION_SETTING_S_Start + 0x90):__OPTION_SETTING_S_Start
 *(.option_setting_banksel_sel)
                0x80000000                        . = PROJECT_SECURE_OR_FLAT?(__OPTION_SETTING_S_Start + 0xc0):__OPTION_SETTING_S_Start
 *(.option_setting_bps_sel0)
                0x80000000                        . = PROJECT_SECURE_OR_FLAT?(__OPTION_SETTING_S_Start + 0xc4):__OPTION_SETTING_S_Start
 *(.option_setting_bps_sel1)
                0x80000000                        . = PROJECT_SECURE_OR_FLAT?(__OPTION_SETTING_S_Start + 0xc8):__OPTION_SETTING_S_Start
 *(.option_setting_bps_sel2)
                0x80000000                        . = PROJECT_SECURE_OR_FLAT?(__OPTION_SETTING_S_Start + 0xcc):__OPTION_SETTING_S_Start
 *(.option_setting_bps_sel3)
                0x80000000                        __OPTION_SETTING_S_End = .
                0x80000000                        __tz_OPTION_SETTING_S_N = __OPTION_SETTING_S_End
OUTPUT(FizzBuzz.elf elf32-littlearm)
LOAD linker stubs

.ARM.attributes
                0x00000000       0x2c
 .ARM.attributes
                0x00000000       0x22 C:/Program Files (x86)/Arm GNU Toolchain arm-none-eabi/13.2 Rel1/bin/../lib/gcc/arm-none-eabi/13.2.1/thumb/v8-m.base/nofp/crti.o
 .ARM.attributes
                0x00000022       0x30 C:/Program Files (x86)/Arm GNU Toolchain arm-none-eabi/13.2 Rel1/bin/../lib/gcc/arm-none-eabi/13.2.1/thumb/v8-m.base/nofp/crtbegin.o
 .ARM.attributes
                0x00000052       0x30 ./src/hal_entry.o
 .ARM.attributes
                0x00000082       0x30 ./ra_gen/common_data.o
 .ARM.attributes
                0x000000b2       0x30 ./ra_gen/hal_data.o
 .ARM.attributes
                0x000000e2       0x30 ./ra_gen/main.o
 .ARM.attributes
                0x00000112       0x30 ./ra_gen/pin_data.o
 .ARM.attributes
                0x00000142       0x30 ./ra_gen/vector_data.o
 .ARM.attributes
                0x00000172       0x30 ./ra/fsp/src/r_uarta/r_uarta.o
 .ARM.attributes
                0x000001a2       0x30 ./ra/fsp/src/r_tau/r_tau.o
 .ARM.attributes
                0x000001d2       0x30 ./ra/fsp/src/r_rtc_c/r_rtc_c.o
 .ARM.attributes
                0x00000202       0x30 ./ra/fsp/src/r_ioport/r_ioport.o
 .ARM.attributes
                0x00000232       0x30 ./ra/fsp/src/r_iica_master/r_iica_master.o
 .ARM.attributes
                0x00000262       0x30 ./ra/fsp/src/bsp/mcu/all/bsp_clocks.o
 .ARM.attributes
                0x00000292       0x30 ./ra/fsp/src/bsp/mcu/all/bsp_common.o
 .ARM.attributes
                0x000002c2       0x30 ./ra/fsp/src/bsp/mcu/all/bsp_delay.o
 .ARM.attributes
                0x000002f2       0x30 ./ra/fsp/src/bsp/mcu/all/bsp_group_irq.o
 .ARM.attributes
                0x00000322       0x30 ./ra/fsp/src/bsp/mcu/all/bsp_io.o
 .ARM.attributes
                0x00000352       0x30 ./ra/fsp/src/bsp/mcu/all/bsp_irq.o
 .ARM.attributes
                0x00000382       0x30 ./ra/fsp/src/bsp/mcu/all/bsp_rom_registers.o
 .ARM.attributes
                0x000003b2       0x30 ./ra/fsp/src/bsp/mcu/all/bsp_sbrk.o
 .ARM.attributes
                0x000003e2       0x30 ./ra/fsp/src/bsp/cmsis/Device/RENESAS/Source/startup.o
 .ARM.attributes
                0x00000412       0x30 ./ra/fsp/src/bsp/cmsis/Device/RENESAS/Source/system.o
 .ARM.attributes
                0x00000442       0x30 ./ra/board/ra0e1_fpb/board_init.o
 .ARM.attributes
                0x00000472       0x30 C:/Program Files (x86)/Arm GNU Toolchain arm-none-eabi/13.2 Rel1/bin/../lib/gcc/arm-none-eabi/13.2.1/thumb/v8-m.base/nofp\libgcc.a(_muldi3.o)
 .ARM.attributes
                0x000004a2       0x30 C:/Program Files (x86)/Arm GNU Toolchain arm-none-eabi/13.2 Rel1/bin/../lib/gcc/arm-none-eabi/13.2.1/thumb/v8-m.base/nofp\libg_nano.a(libc_a-atoi.o)
 .ARM.attributes
                0x000004d2       0x30 C:/Program Files (x86)/Arm GNU Toolchain arm-none-eabi/13.2 Rel1/bin/../lib/gcc/arm-none-eabi/13.2.1/thumb/v8-m.base/nofp\libg_nano.a(libc_a-itoa.o)
 .ARM.attributes
                0x00000502       0x30 C:/Program Files (x86)/Arm GNU Toolchain arm-none-eabi/13.2 Rel1/bin/../lib/gcc/arm-none-eabi/13.2.1/thumb/v8-m.base/nofp\libg_nano.a(libc_a-strtol.o)
 .ARM.attributes
                0x00000532       0x30 C:/Program Files (x86)/Arm GNU Toolchain arm-none-eabi/13.2 Rel1/bin/../lib/gcc/arm-none-eabi/13.2.1/thumb/v8-m.base/nofp\libg_nano.a(libc_a-utoa.o)
 .ARM.attributes
                0x00000562       0x30 C:/Program Files (x86)/Arm GNU Toolchain arm-none-eabi/13.2 Rel1/bin/../lib/gcc/arm-none-eabi/13.2.1/thumb/v8-m.base/nofp\libg_nano.a(libc_a-ctype_.o)
 .ARM.attributes
                0x00000592       0x30 C:/Program Files (x86)/Arm GNU Toolchain arm-none-eabi/13.2 Rel1/bin/../lib/gcc/arm-none-eabi/13.2.1/thumb/v8-m.base/nofp\libg_nano.a(libc_a-findfp.o)
 .ARM.attributes
                0x000005c2       0x30 C:/Program Files (x86)/Arm GNU Toolchain arm-none-eabi/13.2 Rel1/bin/../lib/gcc/arm-none-eabi/13.2.1/thumb/v8-m.base/nofp\libg_nano.a(libc_a-sprintf.o)
 .ARM.attributes
                0x000005f2       0x30 C:/Program Files (x86)/Arm GNU Toolchain arm-none-eabi/13.2 Rel1/bin/../lib/gcc/arm-none-eabi/13.2.1/thumb/v8-m.base/nofp\libg_nano.a(libc_a-memset.o)
 .ARM.attributes
                0x00000622       0x30 C:/Program Files (x86)/Arm GNU Toolchain arm-none-eabi/13.2 Rel1/bin/../lib/gcc/arm-none-eabi/13.2.1/thumb/v8-m.base/nofp\libg_nano.a(libc_a-reent.o)
 .ARM.attributes
                0x00000652       0x30 C:/Program Files (x86)/Arm GNU Toolchain arm-none-eabi/13.2 Rel1/bin/../lib/gcc/arm-none-eabi/13.2.1/thumb/v8-m.base/nofp\libg_nano.a(libc_a-impure.o)
 .ARM.attributes
                0x00000682       0x30 C:/Program Files (x86)/Arm GNU Toolchain arm-none-eabi/13.2 Rel1/bin/../lib/gcc/arm-none-eabi/13.2.1/thumb/v8-m.base/nofp\libg_nano.a(libc_a-errno.o)
 .ARM.attributes
                0x000006b2       0x30 C:/Program Files (x86)/Arm GNU Toolchain arm-none-eabi/13.2 Rel1/bin/../lib/gcc/arm-none-eabi/13.2.1/thumb/v8-m.base/nofp\libg_nano.a(libc_a-lock.o)
 .ARM.attributes
                0x000006e2       0x30 C:/Program Files (x86)/Arm GNU Toolchain arm-none-eabi/13.2 Rel1/bin/../lib/gcc/arm-none-eabi/13.2.1/thumb/v8-m.base/nofp\libg_nano.a(libc_a-strcpy.o)
 .ARM.attributes
                0x00000712       0x30 C:/Program Files (x86)/Arm GNU Toolchain arm-none-eabi/13.2 Rel1/bin/../lib/gcc/arm-none-eabi/13.2.1/thumb/v8-m.base/nofp\libg_nano.a(libc_a-memcpy-stub.o)
 .ARM.attributes
                0x00000742       0x1c C:/Program Files (x86)/Arm GNU Toolchain arm-none-eabi/13.2 Rel1/bin/../lib/gcc/arm-none-eabi/13.2.1/thumb/v8-m.base/nofp\libg_nano.a(libc_a-strlen.o)
 .ARM.attributes
                0x0000075e       0x30 C:/Program Files (x86)/Arm GNU Toolchain arm-none-eabi/13.2 Rel1/bin/../lib/gcc/arm-none-eabi/13.2.1/thumb/v8-m.base/nofp\libg_nano.a(libc_a-freer.o)
 .ARM.attributes
                0x0000078e       0x30 C:/Program Files (x86)/Arm GNU Toolchain arm-none-eabi/13.2 Rel1/bin/../lib/gcc/arm-none-eabi/13.2.1/thumb/v8-m.base/nofp\libg_nano.a(libc_a-mallocr.o)
 .ARM.attributes
                0x000007be       0x30 C:/Program Files (x86)/Arm GNU Toolchain arm-none-eabi/13.2 Rel1/bin/../lib/gcc/arm-none-eabi/13.2.1/thumb/v8-m.base/nofp\libg_nano.a(libc_a-mlock.o)
 .ARM.attributes
                0x000007ee       0x30 C:/Program Files (x86)/Arm GNU Toolchain arm-none-eabi/13.2 Rel1/bin/../lib/gcc/arm-none-eabi/13.2.1/thumb/v8-m.base/nofp\libg_nano.a(libc_a-nano-svfprintf.o)
 .ARM.attributes
                0x0000081e       0x30 C:/Program Files (x86)/Arm GNU Toolchain arm-none-eabi/13.2 Rel1/bin/../lib/gcc/arm-none-eabi/13.2.1/thumb/v8-m.base/nofp\libg_nano.a(libc_a-nano-vfprintf_i.o)
 .ARM.attributes
                0x0000084e       0x30 C:/Program Files (x86)/Arm GNU Toolchain arm-none-eabi/13.2 Rel1/bin/../lib/gcc/arm-none-eabi/13.2.1/thumb/v8-m.base/nofp\libg_nano.a(libc_a-memmove.o)
 .ARM.attributes
                0x0000087e       0x30 C:/Program Files (x86)/Arm GNU Toolchain arm-none-eabi/13.2 Rel1/bin/../lib/gcc/arm-none-eabi/13.2.1/thumb/v8-m.base/nofp\libg_nano.a(libc_a-sbrkr.o)
 .ARM.attributes
                0x000008ae       0x30 C:/Program Files (x86)/Arm GNU Toolchain arm-none-eabi/13.2 Rel1/bin/../lib/gcc/arm-none-eabi/13.2.1/thumb/v8-m.base/nofp\libg_nano.a(libc_a-memchr-stub.o)
 .ARM.attributes
                0x000008de       0x30 C:/Program Files (x86)/Arm GNU Toolchain arm-none-eabi/13.2 Rel1/bin/../lib/gcc/arm-none-eabi/13.2.1/thumb/v8-m.base/nofp\libg_nano.a(libc_a-reallocr.o)
 .ARM.attributes
                0x0000090e       0x30 C:/Program Files (x86)/Arm GNU Toolchain arm-none-eabi/13.2 Rel1/bin/../lib/gcc/arm-none-eabi/13.2.1/thumb/v8-m.base/nofp\libg_nano.a(libc_a-msizer.o)
 .ARM.attributes
                0x0000093e       0x22 C:/Program Files (x86)/Arm GNU Toolchain arm-none-eabi/13.2 Rel1/bin/../lib/gcc/arm-none-eabi/13.2.1/thumb/v8-m.base/nofp\libgcc.a(_thumb1_case_shi.o)
 .ARM.attributes
                0x00000960       0x30 C:/Program Files (x86)/Arm GNU Toolchain arm-none-eabi/13.2 Rel1/bin/../lib/gcc/arm-none-eabi/13.2.1/thumb/v8-m.base/nofp/crtend.o
 .ARM.attributes
                0x00000990       0x22 C:/Program Files (x86)/Arm GNU Toolchain arm-none-eabi/13.2 Rel1/bin/../lib/gcc/arm-none-eabi/13.2.1/thumb/v8-m.base/nofp/crtn.o

.comment        0x00000000       0x44
 .comment       0x00000000       0x44 ./src/hal_entry.o
                                 0x45 (size before relaxing)
 .comment       0x00000044       0x45 ./ra_gen/common_data.o
 .comment       0x00000044       0x45 ./ra_gen/hal_data.o
 .comment       0x00000044       0x45 ./ra_gen/main.o
 .comment       0x00000044       0x45 ./ra_gen/pin_data.o
 .comment       0x00000044       0x45 ./ra_gen/vector_data.o
 .comment       0x00000044       0x45 ./ra/fsp/src/r_uarta/r_uarta.o
 .comment       0x00000044       0x45 ./ra/fsp/src/r_tau/r_tau.o
 .comment       0x00000044       0x45 ./ra/fsp/src/r_rtc_c/r_rtc_c.o
 .comment       0x00000044       0x45 ./ra/fsp/src/r_ioport/r_ioport.o
 .comment       0x00000044       0x45 ./ra/fsp/src/r_iica_master/r_iica_master.o
 .comment       0x00000044       0x45 ./ra/fsp/src/bsp/mcu/all/bsp_clocks.o
 .comment       0x00000044       0x45 ./ra/fsp/src/bsp/mcu/all/bsp_common.o
 .comment       0x00000044       0x45 ./ra/fsp/src/bsp/mcu/all/bsp_delay.o
 .comment       0x00000044       0x45 ./ra/fsp/src/bsp/mcu/all/bsp_group_irq.o
 .comment       0x00000044       0x45 ./ra/fsp/src/bsp/mcu/all/bsp_io.o
 .comment       0x00000044       0x45 ./ra/fsp/src/bsp/mcu/all/bsp_irq.o
 .comment       0x00000044       0x45 ./ra/fsp/src/bsp/mcu/all/bsp_rom_registers.o
 .comment       0x00000044       0x45 ./ra/fsp/src/bsp/mcu/all/bsp_sbrk.o
 .comment       0x00000044       0x45 ./ra/fsp/src/bsp/cmsis/Device/RENESAS/Source/startup.o
 .comment       0x00000044       0x45 ./ra/fsp/src/bsp/cmsis/Device/RENESAS/Source/system.o
 .comment       0x00000044       0x45 ./ra/board/ra0e1_fpb/board_init.o

.debug_info     0x00000000    0x1e046
 .debug_info    0x00000000     0x4149 ./src/hal_entry.o
 .debug_info    0x00004149     0x121f ./ra_gen/common_data.o
 .debug_info    0x00005368     0x3696 ./ra_gen/hal_data.o
 .debug_info    0x000089fe       0xb1 ./ra_gen/main.o
 .debug_info    0x00008aaf      0x94b ./ra_gen/pin_data.o
 .debug_info    0x000093fa       0xde ./ra_gen/vector_data.o
 .debug_info    0x000094d8     0x3134 ./ra/fsp/src/r_uarta/r_uarta.o
 .debug_info    0x0000c60c     0x2aaf ./ra/fsp/src/r_tau/r_tau.o
 .debug_info    0x0000f0bb     0x359b ./ra/fsp/src/r_rtc_c/r_rtc_c.o
 .debug_info    0x00012656     0x2467 ./ra/fsp/src/r_ioport/r_ioport.o
 .debug_info    0x00014abd     0x3604 ./ra/fsp/src/r_iica_master/r_iica_master.o
 .debug_info    0x000180c1     0x2dfc ./ra/fsp/src/bsp/mcu/all/bsp_clocks.o
 .debug_info    0x0001aebd      0x93b ./ra/fsp/src/bsp/mcu/all/bsp_common.o
 .debug_info    0x0001b7f8      0x1df ./ra/fsp/src/bsp/mcu/all/bsp_delay.o
 .debug_info    0x0001b9d7     0x17fb ./ra/fsp/src/bsp/mcu/all/bsp_group_irq.o
 .debug_info    0x0001d1d2       0xb2 ./ra/fsp/src/bsp/mcu/all/bsp_io.o
 .debug_info    0x0001d284      0x5ea ./ra/fsp/src/bsp/mcu/all/bsp_irq.o
 .debug_info    0x0001d86e       0xe1 ./ra/fsp/src/bsp/mcu/all/bsp_rom_registers.o
 .debug_info    0x0001d94f      0x142 ./ra/fsp/src/bsp/mcu/all/bsp_sbrk.o
 .debug_info    0x0001da91      0x168 ./ra/fsp/src/bsp/cmsis/Device/RENESAS/Source/startup.o
 .debug_info    0x0001dbf9      0x3a8 ./ra/fsp/src/bsp/cmsis/Device/RENESAS/Source/system.o
 .debug_info    0x0001dfa1       0xa5 ./ra/board/ra0e1_fpb/board_init.o

.debug_abbrev   0x00000000     0x3127
 .debug_abbrev  0x00000000      0x3d7 ./src/hal_entry.o
 .debug_abbrev  0x000003d7      0x133 ./ra_gen/common_data.o
 .debug_abbrev  0x0000050a      0x2d2 ./ra_gen/hal_data.o
 .debug_abbrev  0x000007dc       0x61 ./ra_gen/main.o
 .debug_abbrev  0x0000083d       0xe0 ./ra_gen/pin_data.o
 .debug_abbrev  0x0000091d       0x86 ./ra_gen/vector_data.o
 .debug_abbrev  0x000009a3      0x55b ./ra/fsp/src/r_uarta/r_uarta.o
 .debug_abbrev  0x00000efe      0x454 ./ra/fsp/src/r_tau/r_tau.o
 .debug_abbrev  0x00001352      0x519 ./ra/fsp/src/r_rtc_c/r_rtc_c.o
 .debug_abbrev  0x0000186b      0x406 ./ra/fsp/src/r_ioport/r_ioport.o
 .debug_abbrev  0x00001c71      0x564 ./ra/fsp/src/r_iica_master/r_iica_master.o
 .debug_abbrev  0x000021d5      0x3a6 ./ra/fsp/src/bsp/mcu/all/bsp_clocks.o
 .debug_abbrev  0x0000257b      0x188 ./ra/fsp/src/bsp/mcu/all/bsp_common.o
 .debug_abbrev  0x00002703       0xe8 ./ra/fsp/src/bsp/mcu/all/bsp_delay.o
 .debug_abbrev  0x000027eb      0x227 ./ra/fsp/src/bsp/mcu/all/bsp_group_irq.o
 .debug_abbrev  0x00002a12       0x5e ./ra/fsp/src/bsp/mcu/all/bsp_io.o
 .debug_abbrev  0x00002a70      0x22a ./ra/fsp/src/bsp/mcu/all/bsp_irq.o
 .debug_abbrev  0x00002c9a       0x61 ./ra/fsp/src/bsp/mcu/all/bsp_rom_registers.o
 .debug_abbrev  0x00002cfb       0xce ./ra/fsp/src/bsp/mcu/all/bsp_sbrk.o
 .debug_abbrev  0x00002dc9       0xf5 ./ra/fsp/src/bsp/cmsis/Device/RENESAS/Source/startup.o
 .debug_abbrev  0x00002ebe      0x20e ./ra/fsp/src/bsp/cmsis/Device/RENESAS/Source/system.o
 .debug_abbrev  0x000030cc       0x5b ./ra/board/ra0e1_fpb/board_init.o

.debug_loclists
                0x00000000     0x2f02
 .debug_loclists
                0x00000000      0x3ae ./src/hal_entry.o
 .debug_loclists
                0x000003ae      0xaba ./ra/fsp/src/r_uarta/r_uarta.o
 .debug_loclists
                0x00000e68      0x544 ./ra/fsp/src/r_tau/r_tau.o
 .debug_loclists
                0x000013ac      0x557 ./ra/fsp/src/r_rtc_c/r_rtc_c.o
 .debug_loclists
                0x00001903      0x821 ./ra/fsp/src/r_ioport/r_ioport.o
 .debug_loclists
                0x00002124      0x7b0 ./ra/fsp/src/r_iica_master/r_iica_master.o
 .debug_loclists
                0x000028d4      0x1fa ./ra/fsp/src/bsp/mcu/all/bsp_clocks.o
 .debug_loclists
                0x00002ace       0x29 ./ra/fsp/src/bsp/mcu/all/bsp_common.o
 .debug_loclists
                0x00002af7      0x108 ./ra/fsp/src/bsp/mcu/all/bsp_delay.o
 .debug_loclists
                0x00002bff       0x98 ./ra/fsp/src/bsp/mcu/all/bsp_group_irq.o
 .debug_loclists
                0x00002c97      0x1b5 ./ra/fsp/src/bsp/mcu/all/bsp_irq.o
 .debug_loclists
                0x00002e4c       0x82 ./ra/fsp/src/bsp/mcu/all/bsp_sbrk.o
 .debug_loclists
                0x00002ece       0x34 ./ra/fsp/src/bsp/cmsis/Device/RENESAS/Source/system.o

.debug_aranges  0x00000000      0x608
 .debug_aranges
                0x00000000       0xa8 ./src/hal_entry.o
 .debug_aranges
                0x000000a8       0x20 ./ra_gen/common_data.o
 .debug_aranges
                0x000000c8       0x20 ./ra_gen/hal_data.o
 .debug_aranges
                0x000000e8       0x20 ./ra_gen/main.o
 .debug_aranges
                0x00000108       0x18 ./ra_gen/pin_data.o
 .debug_aranges
                0x00000120       0x18 ./ra_gen/vector_data.o
 .debug_aranges
                0x00000138       0x90 ./ra/fsp/src/r_uarta/r_uarta.o
 .debug_aranges
                0x000001c8       0x90 ./ra/fsp/src/r_tau/r_tau.o
 .debug_aranges
                0x00000258       0x98 ./ra/fsp/src/r_rtc_c/r_rtc_c.o
 .debug_aranges
                0x000002f0       0x98 ./ra/fsp/src/r_ioport/r_ioport.o
 .debug_aranges
                0x00000388       0x78 ./ra/fsp/src/r_iica_master/r_iica_master.o
 .debug_aranges
                0x00000400       0x70 ./ra/fsp/src/bsp/mcu/all/bsp_clocks.o
 .debug_aranges
                0x00000470       0x30 ./ra/fsp/src/bsp/mcu/all/bsp_common.o
 .debug_aranges
                0x000004a0       0x28 ./ra/fsp/src/bsp/mcu/all/bsp_delay.o
 .debug_aranges
                0x000004c8       0x30 ./ra/fsp/src/bsp/mcu/all/bsp_group_irq.o
 .debug_aranges
                0x000004f8       0x18 ./ra/fsp/src/bsp/mcu/all/bsp_io.o
 .debug_aranges
                0x00000510       0x50 ./ra/fsp/src/bsp/mcu/all/bsp_irq.o
 .debug_aranges
                0x00000560       0x18 ./ra/fsp/src/bsp/mcu/all/bsp_rom_registers.o
 .debug_aranges
                0x00000578       0x20 ./ra/fsp/src/bsp/mcu/all/bsp_sbrk.o
 .debug_aranges
                0x00000598       0x28 ./ra/fsp/src/bsp/cmsis/Device/RENESAS/Source/startup.o
 .debug_aranges
                0x000005c0       0x28 ./ra/fsp/src/bsp/cmsis/Device/RENESAS/Source/system.o
 .debug_aranges
                0x000005e8       0x20 ./ra/board/ra0e1_fpb/board_init.o

.debug_rnglists
                0x00000000      0x640
 .debug_rnglists
                0x00000000       0x7c ./src/hal_entry.o
 .debug_rnglists
                0x0000007c       0x13 ./ra_gen/common_data.o
 .debug_rnglists
                0x0000008f       0x13 ./ra_gen/hal_data.o
 .debug_rnglists
                0x000000a2       0x13 ./ra_gen/main.o
 .debug_rnglists
                0x000000b5      0x12d ./ra/fsp/src/r_uarta/r_uarta.o
 .debug_rnglists
                0x000001e2       0xa7 ./ra/fsp/src/r_tau/r_tau.o
 .debug_rnglists
                0x00000289       0xac ./ra/fsp/src/r_rtc_c/r_rtc_c.o
 .debug_rnglists
                0x00000335       0x9a ./ra/fsp/src/r_ioport/r_ioport.o
 .debug_rnglists
                0x000003cf       0xea ./ra/fsp/src/r_iica_master/r_iica_master.o
 .debug_rnglists
                0x000004b9       0x78 ./ra/fsp/src/bsp/mcu/all/bsp_clocks.o
 .debug_rnglists
                0x00000531       0x1f ./ra/fsp/src/bsp/mcu/all/bsp_common.o
 .debug_rnglists
                0x00000550       0x19 ./ra/fsp/src/bsp/mcu/all/bsp_delay.o
 .debug_rnglists
                0x00000569       0x2b ./ra/fsp/src/bsp/mcu/all/bsp_group_irq.o
 .debug_rnglists
                0x00000594       0x43 ./ra/fsp/src/bsp/mcu/all/bsp_irq.o
 .debug_rnglists
                0x000005d7       0x13 ./ra/fsp/src/bsp/mcu/all/bsp_sbrk.o
 .debug_rnglists
                0x000005ea       0x19 ./ra/fsp/src/bsp/cmsis/Device/RENESAS/Source/startup.o
 .debug_rnglists
                0x00000603       0x2a ./ra/fsp/src/bsp/cmsis/Device/RENESAS/Source/system.o
 .debug_rnglists
                0x0000062d       0x13 ./ra/board/ra0e1_fpb/board_init.o

.debug_line     0x00000000     0x65a4
 .debug_line    0x00000000      0xb29 ./src/hal_entry.o
 .debug_line    0x00000b29      0x263 ./ra_gen/common_data.o
 .debug_line    0x00000d8c      0x3ca ./ra_gen/hal_data.o
 .debug_line    0x00001156       0x5e ./ra_gen/main.o
 .debug_line    0x000011b4      0x1eb ./ra_gen/pin_data.o
 .debug_line    0x0000139f       0xb5 ./ra_gen/vector_data.o
 .debug_line    0x00001454      0xd7b ./ra/fsp/src/r_uarta/r_uarta.o
 .debug_line    0x000021cf      0x886 ./ra/fsp/src/r_tau/r_tau.o
 .debug_line    0x00002a55      0xb08 ./ra/fsp/src/r_rtc_c/r_rtc_c.o
 .debug_line    0x0000355d      0x814 ./ra/fsp/src/r_ioport/r_ioport.o
 .debug_line    0x00003d71      0xc11 ./ra/fsp/src/r_iica_master/r_iica_master.o
 .debug_line    0x00004982      0x68d ./ra/fsp/src/bsp/mcu/all/bsp_clocks.o
 .debug_line    0x0000500f      0x26b ./ra/fsp/src/bsp/mcu/all/bsp_common.o
 .debug_line    0x0000527a      0x25a ./ra/fsp/src/bsp/mcu/all/bsp_delay.o
 .debug_line    0x000054d4      0x2c2 ./ra/fsp/src/bsp/mcu/all/bsp_group_irq.o
 .debug_line    0x00005796      0x165 ./ra/fsp/src/bsp/mcu/all/bsp_io.o
 .debug_line    0x000058fb      0x367 ./ra/fsp/src/bsp/mcu/all/bsp_irq.o
 .debug_line    0x00005c62      0x129 ./ra/fsp/src/bsp/mcu/all/bsp_rom_registers.o
 .debug_line    0x00005d8b      0x1b7 ./ra/fsp/src/bsp/mcu/all/bsp_sbrk.o
 .debug_line    0x00005f42      0x1bd ./ra/fsp/src/bsp/cmsis/Device/RENESAS/Source/startup.o
 .debug_line    0x000060ff      0x44a ./ra/fsp/src/bsp/cmsis/Device/RENESAS/Source/system.o
 .debug_line    0x00006549       0x5b ./ra/board/ra0e1_fpb/board_init.o

.debug_str      0x00000000     0x9763
 .debug_str     0x00000000     0x9763 ./src/hal_entry.o
                               0x4f24 (size before relaxing)
 .debug_str     0x00009763     0x32ff ./ra_gen/common_data.o
 .debug_str     0x00009763     0x5cc7 ./ra_gen/hal_data.o
 .debug_str     0x00009763      0x1bd ./ra_gen/main.o
 .debug_str     0x00009763     0x1baa ./ra_gen/pin_data.o
 .debug_str     0x00009763      0x232 ./ra_gen/vector_data.o
 .debug_str     0x00009763     0x3407 ./ra/fsp/src/r_uarta/r_uarta.o
 .debug_str     0x00009763     0x3104 ./ra/fsp/src/r_tau/r_tau.o
 .debug_str     0x00009763     0x3410 ./ra/fsp/src/r_rtc_c/r_rtc_c.o
 .debug_str     0x00009763     0x3968 ./ra/fsp/src/r_ioport/r_ioport.o
 .debug_str     0x00009763     0x453d ./ra/fsp/src/r_iica_master/r_iica_master.o
 .debug_str     0x00009763     0x1645 ./ra/fsp/src/bsp/mcu/all/bsp_clocks.o
 .debug_str     0x00009763     0x1c0a ./ra/fsp/src/bsp/mcu/all/bsp_common.o
 .debug_str     0x00009763      0x2f3 ./ra/fsp/src/bsp/mcu/all/bsp_delay.o
 .debug_str     0x00009763     0x225b ./ra/fsp/src/bsp/mcu/all/bsp_group_irq.o
 .debug_str     0x00009763      0x1e6 ./ra/fsp/src/bsp/mcu/all/bsp_io.o
 .debug_str     0x00009763      0x7a2 ./ra/fsp/src/bsp/mcu/all/bsp_irq.o
 .debug_str     0x00009763      0x1fc ./ra/fsp/src/bsp/mcu/all/bsp_rom_registers.o
 .debug_str     0x00009763      0x247 ./ra/fsp/src/bsp/mcu/all/bsp_sbrk.o
 .debug_str     0x00009763      0x24e ./ra/fsp/src/bsp/cmsis/Device/RENESAS/Source/startup.o
 .debug_str     0x00009763      0x3be ./ra/fsp/src/bsp/cmsis/Device/RENESAS/Source/system.o
 .debug_str     0x00009763      0x1ca ./ra/board/ra0e1_fpb/board_init.o

.debug_frame    0x00000000     0x12dc
 .debug_frame   0x00000000      0x1e0 ./src/hal_entry.o
 .debug_frame   0x000001e0       0x20 ./ra_gen/common_data.o
 .debug_frame   0x00000200       0x28 ./ra_gen/hal_data.o
 .debug_frame   0x00000228       0x28 ./ra_gen/main.o
 .debug_frame   0x00000250      0x190 ./ra/fsp/src/r_uarta/r_uarta.o
 .debug_frame   0x000003e0      0x138 ./ra/fsp/src/r_tau/r_tau.o
 .debug_frame   0x00000518      0x178 ./ra/fsp/src/r_rtc_c/r_rtc_c.o
 .debug_frame   0x00000690      0x148 ./ra/fsp/src/r_ioport/r_ioport.o
 .debug_frame   0x000007d8      0x134 ./ra/fsp/src/r_iica_master/r_iica_master.o
 .debug_frame   0x0000090c       0xf8 ./ra/fsp/src/bsp/mcu/all/bsp_clocks.o
 .debug_frame   0x00000a04       0x40 ./ra/fsp/src/bsp/mcu/all/bsp_common.o
 .debug_frame   0x00000a44       0x3c ./ra/fsp/src/bsp/mcu/all/bsp_delay.o
 .debug_frame   0x00000a80       0x58 ./ra/fsp/src/bsp/mcu/all/bsp_group_irq.o
 .debug_frame   0x00000ad8       0xa4 ./ra/fsp/src/bsp/mcu/all/bsp_irq.o
 .debug_frame   0x00000b7c       0x28 ./ra/fsp/src/bsp/mcu/all/bsp_sbrk.o
 .debug_frame   0x00000ba4       0x38 ./ra/fsp/src/bsp/cmsis/Device/RENESAS/Source/startup.o
 .debug_frame   0x00000bdc       0x3c ./ra/fsp/src/bsp/cmsis/Device/RENESAS/Source/system.o
 .debug_frame   0x00000c18       0x20 ./ra/board/ra0e1_fpb/board_init.o
 .debug_frame   0x00000c38       0x34 C:/Program Files (x86)/Arm GNU Toolchain arm-none-eabi/13.2 Rel1/bin/../lib/gcc/arm-none-eabi/13.2.1/thumb/v8-m.base/nofp\libgcc.a(_muldi3.o)
 .debug_frame   0x00000c6c       0x40 C:/Program Files (x86)/Arm GNU Toolchain arm-none-eabi/13.2 Rel1/bin/../lib/gcc/arm-none-eabi/13.2.1/thumb/v8-m.base/nofp\libg_nano.a(libc_a-atoi.o)
 .debug_frame   0x00000cac       0x40 C:/Program Files (x86)/Arm GNU Toolchain arm-none-eabi/13.2 Rel1/bin/../lib/gcc/arm-none-eabi/13.2.1/thumb/v8-m.base/nofp\libg_nano.a(libc_a-itoa.o)
 .debug_frame   0x00000cec       0x78 C:/Program Files (x86)/Arm GNU Toolchain arm-none-eabi/13.2 Rel1/bin/../lib/gcc/arm-none-eabi/13.2.1/thumb/v8-m.base/nofp\libg_nano.a(libc_a-strtol.o)
 .debug_frame   0x00000d64       0x48 C:/Program Files (x86)/Arm GNU Toolchain arm-none-eabi/13.2 Rel1/bin/../lib/gcc/arm-none-eabi/13.2.1/thumb/v8-m.base/nofp\libg_nano.a(libc_a-utoa.o)
 .debug_frame   0x00000dac      0x138 C:/Program Files (x86)/Arm GNU Toolchain arm-none-eabi/13.2 Rel1/bin/../lib/gcc/arm-none-eabi/13.2.1/thumb/v8-m.base/nofp\libg_nano.a(libc_a-findfp.o)
 .debug_frame   0x00000ee4       0x48 C:/Program Files (x86)/Arm GNU Toolchain arm-none-eabi/13.2 Rel1/bin/../lib/gcc/arm-none-eabi/13.2.1/thumb/v8-m.base/nofp\libg_nano.a(libc_a-sprintf.o)
 .debug_frame   0x00000f2c       0x20 C:/Program Files (x86)/Arm GNU Toolchain arm-none-eabi/13.2 Rel1/bin/../lib/gcc/arm-none-eabi/13.2.1/thumb/v8-m.base/nofp\libg_nano.a(libc_a-memset.o)
 .debug_frame   0x00000f4c       0x2c C:/Program Files (x86)/Arm GNU Toolchain arm-none-eabi/13.2 Rel1/bin/../lib/gcc/arm-none-eabi/13.2.1/thumb/v8-m.base/nofp\libg_nano.a(libc_a-reent.o)
 .debug_frame   0x00000f78       0x20 C:/Program Files (x86)/Arm GNU Toolchain arm-none-eabi/13.2 Rel1/bin/../lib/gcc/arm-none-eabi/13.2.1/thumb/v8-m.base/nofp\libg_nano.a(libc_a-errno.o)
 .debug_frame   0x00000f98       0xb0 C:/Program Files (x86)/Arm GNU Toolchain arm-none-eabi/13.2 Rel1/bin/../lib/gcc/arm-none-eabi/13.2.1/thumb/v8-m.base/nofp\libg_nano.a(libc_a-lock.o)
 .debug_frame   0x00001048       0x20 C:/Program Files (x86)/Arm GNU Toolchain arm-none-eabi/13.2 Rel1/bin/../lib/gcc/arm-none-eabi/13.2.1/thumb/v8-m.base/nofp\libg_nano.a(libc_a-strcpy.o)
 .debug_frame   0x00001068       0x28 C:/Program Files (x86)/Arm GNU Toolchain arm-none-eabi/13.2 Rel1/bin/../lib/gcc/arm-none-eabi/13.2.1/thumb/v8-m.base/nofp\libg_nano.a(libc_a-memcpy-stub.o)
 .debug_frame   0x00001090       0x2c C:/Program Files (x86)/Arm GNU Toolchain arm-none-eabi/13.2 Rel1/bin/../lib/gcc/arm-none-eabi/13.2.1/thumb/v8-m.base/nofp\libg_nano.a(libc_a-freer.o)
 .debug_frame   0x000010bc       0x50 C:/Program Files (x86)/Arm GNU Toolchain arm-none-eabi/13.2 Rel1/bin/../lib/gcc/arm-none-eabi/13.2.1/thumb/v8-m.base/nofp\libg_nano.a(libc_a-mallocr.o)
 .debug_frame   0x0000110c       0x40 C:/Program Files (x86)/Arm GNU Toolchain arm-none-eabi/13.2 Rel1/bin/../lib/gcc/arm-none-eabi/13.2.1/thumb/v8-m.base/nofp\libg_nano.a(libc_a-mlock.o)
 .debug_frame   0x0000114c       0x74 C:/Program Files (x86)/Arm GNU Toolchain arm-none-eabi/13.2 Rel1/bin/../lib/gcc/arm-none-eabi/13.2.1/thumb/v8-m.base/nofp\libg_nano.a(libc_a-nano-svfprintf.o)
 .debug_frame   0x000011c0       0x54 C:/Program Files (x86)/Arm GNU Toolchain arm-none-eabi/13.2 Rel1/bin/../lib/gcc/arm-none-eabi/13.2.1/thumb/v8-m.base/nofp\libg_nano.a(libc_a-nano-vfprintf_i.o)
 .debug_frame   0x00001214       0x28 C:/Program Files (x86)/Arm GNU Toolchain arm-none-eabi/13.2 Rel1/bin/../lib/gcc/arm-none-eabi/13.2.1/thumb/v8-m.base/nofp\libg_nano.a(libc_a-memmove.o)
 .debug_frame   0x0000123c       0x2c C:/Program Files (x86)/Arm GNU Toolchain arm-none-eabi/13.2 Rel1/bin/../lib/gcc/arm-none-eabi/13.2.1/thumb/v8-m.base/nofp\libg_nano.a(libc_a-sbrkr.o)
 .debug_frame   0x00001268       0x20 C:/Program Files (x86)/Arm GNU Toolchain arm-none-eabi/13.2 Rel1/bin/../lib/gcc/arm-none-eabi/13.2.1/thumb/v8-m.base/nofp\libg_nano.a(libc_a-memchr-stub.o)
 .debug_frame   0x00001288       0x34 C:/Program Files (x86)/Arm GNU Toolchain arm-none-eabi/13.2 Rel1/bin/../lib/gcc/arm-none-eabi/13.2.1/thumb/v8-m.base/nofp\libg_nano.a(libc_a-reallocr.o)
 .debug_frame   0x000012bc       0x20 C:/Program Files (x86)/Arm GNU Toolchain arm-none-eabi/13.2 Rel1/bin/../lib/gcc/arm-none-eabi/13.2.1/thumb/v8-m.base/nofp\libg_nano.a(libc_a-msizer.o)

.debug_line_str
                0x00000000      0x1ba
 .debug_line_str
                0x00000000      0x1ba C:/Program Files (x86)/Arm GNU Toolchain arm-none-eabi/13.2 Rel1/bin/../lib/gcc/arm-none-eabi/13.2.1/thumb/v8-m.base/nofp\libg_nano.a(libc_a-strlen.o)
                                 0xec (size before relaxing)
 .debug_line_str
                0x000001ba       0xce C:/Program Files (x86)/Arm GNU Toolchain arm-none-eabi/13.2 Rel1/bin/../lib/gcc/arm-none-eabi/13.2.1/thumb/v8-m.base/nofp\libgcc.a(_thumb1_case_shi.o)
